Archive member included to satisfy reference by file (symbol)

c:/st/stm32cubeide_1.7.0/stm32cubeide/plugins/com.st.stm32cube.ide.mcu.externaltools.gnu-tools-for-stm32.9-2020-q2-update.win32_2.0.0.202105311346/tools/bin/../lib/gcc/arm-none-eabi/9.3.1/../../../../arm-none-eabi/lib/thumb/v7-m/nofp\libc_nano.a(lib_a-errno.o)
                              ./Core/Src/syscalls.o (__errno)
c:/st/stm32cubeide_1.7.0/stm32cubeide/plugins/com.st.stm32cube.ide.mcu.externaltools.gnu-tools-for-stm32.9-2020-q2-update.win32_2.0.0.202105311346/tools/bin/../lib/gcc/arm-none-eabi/9.3.1/../../../../arm-none-eabi/lib/thumb/v7-m/nofp\libc_nano.a(lib_a-exit.o)
                              c:/st/stm32cubeide_1.7.0/stm32cubeide/plugins/com.st.stm32cube.ide.mcu.externaltools.gnu-tools-for-stm32.9-2020-q2-update.win32_2.0.0.202105311346/tools/bin/../lib/gcc/arm-none-eabi/9.3.1/../../../../arm-none-eabi/lib/thumb/v7-m/nofp/crt0.o (exit)
c:/st/stm32cubeide_1.7.0/stm32cubeide/plugins/com.st.stm32cube.ide.mcu.externaltools.gnu-tools-for-stm32.9-2020-q2-update.win32_2.0.0.202105311346/tools/bin/../lib/gcc/arm-none-eabi/9.3.1/../../../../arm-none-eabi/lib/thumb/v7-m/nofp\libc_nano.a(lib_a-impure.o)
                              c:/st/stm32cubeide_1.7.0/stm32cubeide/plugins/com.st.stm32cube.ide.mcu.externaltools.gnu-tools-for-stm32.9-2020-q2-update.win32_2.0.0.202105311346/tools/bin/../lib/gcc/arm-none-eabi/9.3.1/../../../../arm-none-eabi/lib/thumb/v7-m/nofp\libc_nano.a(lib_a-exit.o) (_global_impure_ptr)
c:/st/stm32cubeide_1.7.0/stm32cubeide/plugins/com.st.stm32cube.ide.mcu.externaltools.gnu-tools-for-stm32.9-2020-q2-update.win32_2.0.0.202105311346/tools/bin/../lib/gcc/arm-none-eabi/9.3.1/../../../../arm-none-eabi/lib/thumb/v7-m/nofp\libc_nano.a(lib_a-init.o)
                              c:/st/stm32cubeide_1.7.0/stm32cubeide/plugins/com.st.stm32cube.ide.mcu.externaltools.gnu-tools-for-stm32.9-2020-q2-update.win32_2.0.0.202105311346/tools/bin/../lib/gcc/arm-none-eabi/9.3.1/../../../../arm-none-eabi/lib/thumb/v7-m/nofp/crt0.o (__libc_init_array)
c:/st/stm32cubeide_1.7.0/stm32cubeide/plugins/com.st.stm32cube.ide.mcu.externaltools.gnu-tools-for-stm32.9-2020-q2-update.win32_2.0.0.202105311346/tools/bin/../lib/gcc/arm-none-eabi/9.3.1/../../../../arm-none-eabi/lib/thumb/v7-m/nofp\libc_nano.a(lib_a-memset.o)
                              c:/st/stm32cubeide_1.7.0/stm32cubeide/plugins/com.st.stm32cube.ide.mcu.externaltools.gnu-tools-for-stm32.9-2020-q2-update.win32_2.0.0.202105311346/tools/bin/../lib/gcc/arm-none-eabi/9.3.1/../../../../arm-none-eabi/lib/thumb/v7-m/nofp/crt0.o (memset)
c:/st/stm32cubeide_1.7.0/stm32cubeide/plugins/com.st.stm32cube.ide.mcu.externaltools.gnu-tools-for-stm32.9-2020-q2-update.win32_2.0.0.202105311346/tools/bin/../lib/gcc/arm-none-eabi/9.3.1/../../../../arm-none-eabi/lib/thumb/v7-m/nofp\libc_nano.a(lib_a-sprintf.o)
                              ./Core/Src/fsm_automatic.o (sprintf)
c:/st/stm32cubeide_1.7.0/stm32cubeide/plugins/com.st.stm32cube.ide.mcu.externaltools.gnu-tools-for-stm32.9-2020-q2-update.win32_2.0.0.202105311346/tools/bin/../lib/gcc/arm-none-eabi/9.3.1/../../../../arm-none-eabi/lib/thumb/v7-m/nofp\libc_nano.a(lib_a-nano-svfprintf.o)
                              c:/st/stm32cubeide_1.7.0/stm32cubeide/plugins/com.st.stm32cube.ide.mcu.externaltools.gnu-tools-for-stm32.9-2020-q2-update.win32_2.0.0.202105311346/tools/bin/../lib/gcc/arm-none-eabi/9.3.1/../../../../arm-none-eabi/lib/thumb/v7-m/nofp\libc_nano.a(lib_a-sprintf.o) (_svfprintf_r)
c:/st/stm32cubeide_1.7.0/stm32cubeide/plugins/com.st.stm32cube.ide.mcu.externaltools.gnu-tools-for-stm32.9-2020-q2-update.win32_2.0.0.202105311346/tools/bin/../lib/gcc/arm-none-eabi/9.3.1/../../../../arm-none-eabi/lib/thumb/v7-m/nofp\libc_nano.a(lib_a-nano-vfprintf_i.o)
                              c:/st/stm32cubeide_1.7.0/stm32cubeide/plugins/com.st.stm32cube.ide.mcu.externaltools.gnu-tools-for-stm32.9-2020-q2-update.win32_2.0.0.202105311346/tools/bin/../lib/gcc/arm-none-eabi/9.3.1/../../../../arm-none-eabi/lib/thumb/v7-m/nofp\libc_nano.a(lib_a-nano-svfprintf.o) (_printf_i)
c:/st/stm32cubeide_1.7.0/stm32cubeide/plugins/com.st.stm32cube.ide.mcu.externaltools.gnu-tools-for-stm32.9-2020-q2-update.win32_2.0.0.202105311346/tools/bin/../lib/gcc/arm-none-eabi/9.3.1/../../../../arm-none-eabi/lib/thumb/v7-m/nofp\libc_nano.a(lib_a-memchr-stub.o)
                              c:/st/stm32cubeide_1.7.0/stm32cubeide/plugins/com.st.stm32cube.ide.mcu.externaltools.gnu-tools-for-stm32.9-2020-q2-update.win32_2.0.0.202105311346/tools/bin/../lib/gcc/arm-none-eabi/9.3.1/../../../../arm-none-eabi/lib/thumb/v7-m/nofp\libc_nano.a(lib_a-nano-svfprintf.o) (memchr)
c:/st/stm32cubeide_1.7.0/stm32cubeide/plugins/com.st.stm32cube.ide.mcu.externaltools.gnu-tools-for-stm32.9-2020-q2-update.win32_2.0.0.202105311346/tools/bin/../lib/gcc/arm-none-eabi/9.3.1/../../../../arm-none-eabi/lib/thumb/v7-m/nofp\libc_nano.a(lib_a-memcpy-stub.o)
[...]
Memory Configuration

Name             Origin             Length             Attributes
RAM              0x0000000020000000 0x0000000000005000 xrw
FLASH            0x0000000008000000 0x0000000000020000 xr
*default*        0x0000000000000000 0xffffffffffffffff

Linker script and memory map

LOAD c:/st/stm32cubeide_1.7.0/stm32cubeide/plugins/com.st.stm32cube.ide.mcu.externaltools.gnu-tools-for-stm32.9-2020-q2-update.win32_2.0.0.202105311346/tools/bin/../lib/gcc/arm-none-eabi/9.3.1/thumb/v7-m/nofp/crti.o
LOAD c:/st/stm32cubeide_1.7.0/stm32cubeide/plugins/com.st.stm32cube.ide.mcu.externaltools.gnu-tools-for-stm32.9-2020-q2-update.win32_2.0.0.202105311346/tools/bin/../lib/gcc/arm-none-eabi/9.3.1/thumb/v7-m/nofp/crtbegin.o
LOAD c:/st/stm32cubeide_1.7.0/stm32cubeide/plugins/com.st.stm32cube.ide.mcu.externaltools.gnu-tools-for-stm32.9-2020-q2-update.win32_2.0.0.202105311346/tools/bin/../lib/gcc/arm-none-eabi/9.3.1/../../../../arm-none-eabi/lib/thumb/v7-m/nofp/crt0.o
LOAD ./Core/Src/Scheduler.o
LOAD ./Core/Src/fsm_automatic.o
LOAD ./Core/Src/fsm_manual.o
LOAD ./Core/Src/fsm_manual_mode.o
LOAD ./Core/Src/global.o
LOAD ./Core/Src/i2c-lcd.o
LOAD ./Core/Src/input_processing.o
LOAD ./Core/Src/input_reading.o
LOAD ./Core/Src/led_display.o
LOAD ./Core/Src/main.o
LOAD ./Core/Src/stm32f1xx_hal_msp.o
LOAD ./Core/Src/stm32f1xx_it.o
LOAD ./Core/Src/syscalls.o
LOAD ./Core/Src/sysmem.o
LOAD ./Core/Src/system_stm32f1xx.o
LOAD ./Core/Src/timer.o
LOAD ./Core/Startup/startup_stm32f103rbtx.o
LOAD ./Drivers/STM32F1xx_HAL_Driver/Src/stm32f1xx_hal.o
LOAD ./Drivers/STM32F1xx_HAL_Driver/Src/stm32f1xx_hal_cortex.o
LOAD ./Drivers/STM32F1xx_HAL_Driver/Src/stm32f1xx_hal_dma.o
LOAD ./Drivers/STM32F1xx_HAL_Driver/Src/stm32f1xx_hal_exti.o
LOAD ./Drivers/STM32F1xx_HAL_Driver/Src/stm32f1xx_hal_flash.o
LOAD ./Drivers/STM32F1xx_HAL_Driver/Src/stm32f1xx_hal_flash_ex.o
LOAD ./Drivers/STM32F1xx_HAL_Driver/Src/stm32f1xx_hal_gpio.o
LOAD ./Drivers/STM32F1xx_HAL_Driver/Src/stm32f1xx_hal_gpio_ex.o
LOAD ./Drivers/STM32F1xx_HAL_Driver/Src/stm32f1xx_hal_i2c.o
LOAD ./Drivers/STM32F1xx_HAL_Driver/Src/stm32f1xx_hal_pwr.o
LOAD ./Drivers/STM32F1xx_HAL_Driver/Src/stm32f1xx_hal_rcc.o
LOAD ./Drivers/STM32F1xx_HAL_Driver/Src/stm32f1xx_hal_rcc_ex.o
LOAD ./Drivers/STM32F1xx_HAL_Driver/Src/stm32f1xx_hal_tim.o
LOAD ./Drivers/STM32F1xx_HAL_Driver/Src/stm32f1xx_hal_tim_ex.o
LOAD ./Drivers/STM32F1xx_HAL_Driver/Src/stm32f1xx_hal_uart.o
START GROUP
LOAD c:/st/stm32cubeide_1.7.0/stm32cubeide/plugins/com.st.stm32cube.ide.mcu.externaltools.gnu-tools-for-stm32.9-2020-q2-update.win32_2.0.0.202105311346/tools/bin/../lib/gcc/arm-none-eabi/9.3.1/../../../../arm-none-eabi/lib/thumb/v7-m/nofp\libc_nano.a
LOAD c:/st/stm32cubeide_1.7.0/stm32cubeide/plugins/com.st.stm32cube.ide.mcu.externaltools.gnu-tools-for-stm32.9-2020-q2-update.win32_2.0.0.202105311346/tools/bin/../lib/gcc/arm-none-eabi/9.3.1/../../../../arm-none-eabi/lib/thumb/v7-m/nofp\libm.a
END GROUP
START GROUP
LOAD c:/st/stm32cubeide_1.7.0/stm32cubeide/plugins/com.st.stm32cube.ide.mcu.externaltools.gnu-tools-for-stm32.9-2020-q2-update.win32_2.0.0.202105311346/tools/bin/../lib/gcc/arm-none-eabi/9.3.1/thumb/v7-m/nofp\libgcc.a
LOAD c:/st/stm32cubeide_1.7.0/stm32cubeide/plugins/com.st.stm32cube.ide.mcu.externaltools.gnu-tools-for-stm32.9-2020-q2-update.win32_2.0.0.202105311346/tools/bin/../lib/gcc/arm-none-eabi/9.3.1/../../../../arm-none-eabi/lib/thumb/v7-m/nofp\libc_nano.a
END GROUP
START GROUP
LOAD c:/st/stm32cubeide_1.7.0/stm32cubeide/plugins/com.st.stm32cube.ide.mcu.externaltools.gnu-tools-for-stm32.9-2020-q2-update.win32_2.0.0.202105311346/tools/bin/../lib/gcc/arm-none-eabi/9.3.1/thumb/v7-m/nofp\libgcc.a
LOAD c:/st/stm32cubeide_1.7.0/stm32cubeide/plugins/com.st.stm32cube.ide.mcu.externaltools.gnu-tools-for-stm32.9-2020-q2-update.win32_2.0.0.202105311346/tools/bin/../lib/gcc/arm-none-eabi/9.3.1/../../../../arm-none-eabi/lib/thumb/v7-m/nofp\libc_nano.a
LOAD c:/st/stm32cubeide_1.7.0/stm32cubeide/plugins/com.st.stm32cube.ide.mcu.externaltools.gnu-tools-for-stm32.9-2020-q2-update.win32_2.0.0.202105311346/tools/bin/../lib/gcc/arm-none-eabi/9.3.1/../../../../arm-none-eabi/lib/thumb/v7-m/nofp\libnosys.a
END GROUP
START GROUP
LOAD c:/st/stm32cubeide_1.7.0/stm32cubeide/plugins/com.st.stm32cube.ide.mcu.externaltools.gnu-tools-for-stm32.9-2020-q2-update.win32_2.0.0.202105311346/tools/bin/../lib/gcc/arm-none-eabi/9.3.1/thumb/v7-m/nofp\libgcc.a
LOAD c:/st/stm32cubeide_1.7.0/stm32cubeide/plugins/com.st.stm32cube.ide.mcu.externaltools.gnu-tools-for-stm32.9-2020-q2-update.win32_2.0.0.202105311346/tools/bin/../lib/gcc/arm-none-eabi/9.3.1/../../../../arm-none-eabi/lib/thumb/v7-m/nofp\libc_nano.a
LOAD c:/st/stm32cubeide_1.7.0/stm32cubeide/plugins/com.st.stm32cube.ide.mcu.externaltools.gnu-tools-for-stm32.9-2020-q2-update.win32_2.0.0.202105311346/tools/bin/../lib/gcc/arm-none-eabi/9.3.1/../../../../arm-none-eabi/lib/thumb/v7-m/nofp\libnosys.a
END GROUP
LOAD c:/st/stm32cubeide_1.7.0/stm32cubeide/plugins/com.st.stm32cube.ide.mcu.externaltools.gnu-tools-for-stm32.9-2020-q2-update.win32_2.0.0.202105311346/tools/bin/../lib/gcc/arm-none-eabi/9.3.1/thumb/v7-m/nofp/crtend.o
LOAD c:/st/stm32cubeide_1.7.0/stm32cubeide/plugins/com.st.stm32cube.ide.mcu.externaltools.gnu-tools-for-stm32.9-2020-q2-update.win32_2.0.0.202105311346/tools/bin/../lib/gcc/arm-none-eabi/9.3.1/thumb/v7-m/nofp/crtn.o
                0x0000000020005000                _estack = (ORIGIN (RAM) + LENGTH (RAM))
                0x0000000000000200                _Min_Heap_Size = 0x200
                0x0000000000000400                _Min_Stack_Size = 0x400

.isr_vector     0x0000000008000000      0x10c
                0x0000000008000000                . = ALIGN (0x4)
 *(.isr_vector)
 .isr_vector    0x0000000008000000      0x10c ./Core/Startup/startup_stm32f103rbtx.o
                0x0000000008000000                g_pfnVectors
                0x000000000800010c                . = ALIGN (0x4)

.text           0x000000000800010c     0x488c
                0x000000000800010c                . = ALIGN (0x4)
 *(.text)
 .text          0x000000000800010c       0x40 c:/st/stm32cubeide_1.7.0/stm32cubeide/plugins/com.st.stm32cube.ide.mcu.externaltools.gnu-tools-for-stm32.9-2020-q2-update.win32_2.0.0.202105311346/tools/bin/../lib/gcc/arm-none-eabi/9.3.1/thumb/v7-m/nofp/crtbegin.o
 *(.text*)
 .text.Timer_init
                0x000000000800014c        0xc ./Core/Src/Scheduler.o
                0x000000000800014c                Timer_init
 .text.Watchdog_init
                0x0000000008000158        0xc ./Core/Src/Scheduler.o
                0x0000000008000158                Watchdog_init
 .text.SCH_Init
                0x0000000008000164       0x3c ./Core/Src/Scheduler.o
                0x0000000008000164                SCH_Init
 .text.SCH_Update
                0x00000000080001a0       0xdc ./Core/Src/Scheduler.o
                0x00000000080001a0                SCH_Update
 .text.SCH_Add_Task
                0x000000000800027c       0xa4 ./Core/Src/Scheduler.o
                0x000000000800027c                SCH_Add_Task
 .text.SCH_Dispatch_Tasks
                0x0000000008000320       0x9c ./Core/Src/Scheduler.o
                0x0000000008000320                SCH_Dispatch_Tasks
 .text.SCH_Delete_Task
                0x00000000080003bc       0x90 ./Core/Src/Scheduler.o
                0x00000000080003bc                SCH_Delete_Task
 .text.SCH_Go_To_Sleep
                0x000000000800044c        0xc ./Core/Src/Scheduler.o
                0x000000000800044c                SCH_Go_To_Sleep
 .text.SCH_Report_Status
                0x0000000008000458        0xc ./Core/Src/Scheduler.o
                0x0000000008000458                SCH_Report_Status
 .text.SetMode  0x0000000008000464      0x1a4 ./Core/Src/fsm_automatic.o
                0x0000000008000464                SetMode
 .text.ChangeModeX
                0x0000000008000608       0x6c ./Core/Src/fsm_automatic.o
                0x0000000008000608                ChangeModeX
 .text.ChangeModeY
                0x0000000008000674       0x6c ./Core/Src/fsm_automatic.o
                0x0000000008000674                ChangeModeY
 .text.fsm_clock
                0x00000000080006e0       0xa0 ./Core/Src/fsm_automatic.o
                0x00000000080006e0                fsm_clock
 .text.fsm_mode
                0x0000000008000780       0x7c ./Core/Src/fsm_automatic.o
                0x0000000008000780                fsm_mode
 .text.Walking_LED
                0x00000000080007fc       0x8c ./Core/Src/fsm_automatic.o
                0x00000000080007fc                Walking_LED
 .text.fsm_automatic_runx
                0x0000000008000888      0x134 ./Core/Src/fsm_automatic.o
                0x0000000008000888                fsm_automatic_runx
 .text.fsm_automatic_runy
                0x00000000080009bc      0x138 ./Core/Src/fsm_automatic.o
                0x00000000080009bc                fsm_automatic_runy
 .text.fsm_manual_run1
                0x0000000008000af4       0xe8 ./Core/Src/fsm_manual.o
                0x0000000008000af4                fsm_manual_run1
 .text.fsm_manual_run2
                0x0000000008000bdc       0xe8 ./Core/Src/fsm_manual.o
                0x0000000008000bdc                fsm_manual_run2
 .text.change_fsm
                0x0000000008000cc4       0x88 ./Core/Src/fsm_manual_mode.o
                0x0000000008000cc4                change_fsm
 .text.fsm_manual_run
                0x0000000008000d4c      0x124 ./Core/Src/fsm_manual_mode.o
                0x0000000008000d4c                fsm_manual_run
 .text.lcd_send_cmd
                0x0000000008000e70       0x60 ./Core/Src/i2c-lcd.o
                0x0000000008000e70                lcd_send_cmd
 .text.lcd_send_data
                0x0000000008000ed0       0x60 ./Core/Src/i2c-lcd.o
                0x0000000008000ed0                lcd_send_data
 .text.lcd_init
                0x0000000008000f30       0x5c ./Core/Src/i2c-lcd.o
                0x0000000008000f30                lcd_init
 .text.lcd_send_string
                0x0000000008000f8c       0x2a ./Core/Src/i2c-lcd.o
                0x0000000008000f8c                lcd_send_string
 .text.lcd_goto_XY
                0x0000000008000fb6       0x44 ./Core/Src/i2c-lcd.o
                0x0000000008000fb6                lcd_goto_XY
 *fill*         0x0000000008000ffa        0x2 
 .text.fsm_for_input_processing1
                0x0000000008000ffc       0xac ./Core/Src/input_processing.o
                0x0000000008000ffc                fsm_for_input_processing1
 .text.fsm_for_input_processing2
                0x00000000080010a8       0xa4 ./Core/Src/input_processing.o
                0x00000000080010a8                fsm_for_input_processing2
 .text.fsm_for_input_processing3
                0x000000000800114c       0x7c ./Core/Src/input_processing.o
                0x000000000800114c                fsm_for_input_processing3
 .text.Button1Run
                0x00000000080011c8       0x18 ./Core/Src/input_reading.o
                0x00000000080011c8                Button1Run
 .text.ProcessButton1
                0x00000000080011e0       0x24 ./Core/Src/input_reading.o
                0x00000000080011e0                ProcessButton1
 .text.Button2Run
                0x0000000008001204       0x18 ./Core/Src/input_reading.o
                0x0000000008001204                Button2Run
 .text.ProcessButton2
                0x000000000800121c       0x24 ./Core/Src/input_reading.o
                0x000000000800121c                ProcessButton2
 .text.Button3Run
                0x0000000008001240       0x18 ./Core/Src/input_reading.o
                0x0000000008001240                Button3Run
 .text.ProcessButton3
                0x0000000008001258       0x24 ./Core/Src/input_reading.o
                0x0000000008001258                ProcessButton3
 .text.button_reading
                0x000000000800127c      0x154 ./Core/Src/input_reading.o
                0x000000000800127c                button_reading
 .text.is_button_pressed
                0x00000000080013d0       0x34 ./Core/Src/input_reading.o
                0x00000000080013d0                is_button_pressed
 .text.is_button_pressed_1s
                0x0000000008001404       0x34 ./Core/Src/input_reading.o
                0x0000000008001404                is_button_pressed_1s
 .text.DisplayREDX
                0x0000000008001438       0x20 ./Core/Src/led_display.o
                0x0000000008001438                DisplayREDX
 .text.DisplayYELLOWX
                0x0000000008001458       0x20 ./Core/Src/led_display.o
                0x0000000008001458                DisplayYELLOWX
 .text.DisplayGREENX
                0x0000000008001478       0x20 ./Core/Src/led_display.o
                0x0000000008001478                DisplayGREENX
 .text.DisplayREDY
                0x0000000008001498       0x24 ./Core/Src/led_display.o
                0x0000000008001498                DisplayREDY
 .text.DisplayYELLOWY
                0x00000000080014bc       0x24 ./Core/Src/led_display.o
                0x00000000080014bc                DisplayYELLOWY
 .text.DisplayGREENY
                0x00000000080014e0       0x24 ./Core/Src/led_display.o
                0x00000000080014e0                DisplayGREENY
 .text.InitLED  0x0000000008001504       0x3c ./Core/Src/led_display.o
                0x0000000008001504                InitLED
 .text.DisplayMAN_REDX
                0x0000000008001540       0x3c ./Core/Src/led_display.o
                0x0000000008001540                DisplayMAN_REDX
 .text.DisplayMAN_REDY
                0x000000000800157c       0x3c ./Core/Src/led_display.o
                0x000000000800157c                DisplayMAN_REDY
 .text.DisplayMAN_GREENX
                0x00000000080015b8       0x3c ./Core/Src/led_display.o
                0x00000000080015b8                DisplayMAN_GREENX
 .text.DisplayMAN_GREENY
                0x00000000080015f4       0x3c ./Core/Src/led_display.o
                0x00000000080015f4                DisplayMAN_GREENY
 .text.DisplayMAN_YELLOWX
                0x0000000008001630       0x3c ./Core/Src/led_display.o
                0x0000000008001630                DisplayMAN_YELLOWX
 .text.DisplayMAN_YELLOWY
                0x000000000800166c       0x3c ./Core/Src/led_display.o
                0x000000000800166c                DisplayMAN_YELLOWY
 .text.WalkingX
                0x00000000080016a8       0x24 ./Core/Src/led_display.o
                0x00000000080016a8                WalkingX
 .text.StopX    0x00000000080016cc       0x24 ./Core/Src/led_display.o
                0x00000000080016cc                StopX
 .text.WalkingY
                0x00000000080016f0       0x24 ./Core/Src/led_display.o
                0x00000000080016f0                WalkingY
 .text.StopY    0x0000000008001714       0x24 ./Core/Src/led_display.o
                0x0000000008001714                StopY
 .text.TurnOff_WalkingX
                0x0000000008001738       0x24 ./Core/Src/led_display.o
                0x0000000008001738                TurnOff_WalkingX
 .text.TurnOff_WalkingY
                0x000000000800175c       0x24 ./Core/Src/led_display.o
                0x000000000800175c                TurnOff_WalkingY
 .text.WalkingX_Blinking
                0x0000000008001780       0x3c ./Core/Src/led_display.o
                0x0000000008001780                WalkingX_Blinking
 .text.WalkingY_Blinnking
                0x00000000080017bc       0x3c ./Core/Src/led_display.o
                0x00000000080017bc                WalkingY_Blinnking
 .text.main     0x00000000080017f8      0x114 ./Core/Src/main.o
                0x00000000080017f8                main
 .text.SystemClock_Config
                0x000000000800190c       0x76 ./Core/Src/main.o
                0x000000000800190c                SystemClock_Config
 *fill*         0x0000000008001982        0x2 
 .text.MX_I2C1_Init
                0x0000000008001984       0x5c ./Core/Src/main.o
 .text.MX_TIM2_Init
                0x00000000080019e0       0x98 ./Core/Src/main.o
 .text.MX_USART2_UART_Init
                0x0000000008001a78       0x54 ./Core/Src/main.o
 .text.MX_GPIO_Init
                0x0000000008001acc      0x138 ./Core/Src/main.o
 .text.Error_Handler
                0x0000000008001c04        0xa ./Core/Src/main.o
                0x0000000008001c04                Error_Handler
 *fill*         0x0000000008001c0e        0x2 
 .text.HAL_MspInit
                0x0000000008001c10       0x64 ./Core/Src/stm32f1xx_hal_msp.o
                0x0000000008001c10                HAL_MspInit
 .text.HAL_I2C_MspInit
                0x0000000008001c74       0xa0 ./Core/Src/stm32f1xx_hal_msp.o
                0x0000000008001c74                HAL_I2C_MspInit
 .text.HAL_TIM_Base_MspInit
                0x0000000008001d14       0x48 ./Core/Src/stm32f1xx_hal_msp.o
                0x0000000008001d14                HAL_TIM_Base_MspInit
 .text.HAL_UART_MspInit
                0x0000000008001d5c       0x7c ./Core/Src/stm32f1xx_hal_msp.o
                0x0000000008001d5c                HAL_UART_MspInit
 .text.NMI_Handler
                0x0000000008001dd8        0x6 ./Core/Src/stm32f1xx_it.o
                0x0000000008001dd8                NMI_Handler
 .text.HardFault_Handler
                0x0000000008001dde        0x6 ./Core/Src/stm32f1xx_it.o
                0x0000000008001dde                HardFault_Handler
 .text.MemManage_Handler
                0x0000000008001de4        0x6 ./Core/Src/stm32f1xx_it.o
                0x0000000008001de4                MemManage_Handler
 .text.BusFault_Handler
                0x0000000008001dea        0x6 ./Core/Src/stm32f1xx_it.o
                0x0000000008001dea                BusFault_Handler
 .text.UsageFault_Handler
                0x0000000008001df0        0x6 ./Core/Src/stm32f1xx_it.o
                0x0000000008001df0                UsageFault_Handler
 .text.SVC_Handler
                0x0000000008001df6        0xc ./Core/Src/stm32f1xx_it.o
                0x0000000008001df6                SVC_Handler
 .text.DebugMon_Handler
                0x0000000008001e02        0xc ./Core/Src/stm32f1xx_it.o
                0x0000000008001e02                DebugMon_Handler
 .text.PendSV_Handler
                0x0000000008001e0e        0xc ./Core/Src/stm32f1xx_it.o
                0x0000000008001e0e                PendSV_Handler
 .text.SysTick_Handler
                0x0000000008001e1a        0xc ./Core/Src/stm32f1xx_it.o
                0x0000000008001e1a                SysTick_Handler
 *fill*         0x0000000008001e26        0x2 
 .text.TIM2_IRQHandler
                0x0000000008001e28       0x14 ./Core/Src/stm32f1xx_it.o
                0x0000000008001e28                TIM2_IRQHandler
 .text._sbrk    0x0000000008001e3c       0x6c ./Core/Src/sysmem.o
                0x0000000008001e3c                _sbrk
 .text.SystemInit
                0x0000000008001ea8        0xc ./Core/Src/system_stm32f1xx.o
                0x0000000008001ea8                SystemInit
 .text.HAL_TIM_PeriodElapsedCallback
                0x0000000008001eb4       0x22 ./Core/Src/timer.o
                0x0000000008001eb4                HAL_TIM_PeriodElapsedCallback
 *fill*         0x0000000008001ed6        0x2 
 .text.Reset_Handler
                0x0000000008001ed8       0x48 ./Core/Startup/startup_stm32f103rbtx.o
                0x0000000008001ed8                Reset_Handler
 .text.Default_Handler
                0x0000000008001f20        0x2 ./Core/Startup/startup_stm32f103rbtx.o
                0x0000000008001f20                RTC_Alarm_IRQHandler
                0x0000000008001f20                EXTI2_IRQHandler
                0x0000000008001f20                TIM1_CC_IRQHandler
                0x0000000008001f20                PVD_IRQHandler
                0x0000000008001f20                EXTI3_IRQHandler
                0x0000000008001f20                EXTI0_IRQHandler
                0x0000000008001f20                I2C2_EV_IRQHandler
                0x0000000008001f20                ADC1_2_IRQHandler
                0x0000000008001f20                SPI1_IRQHandler
                0x0000000008001f20                TAMPER_IRQHandler
                0x0000000008001f20                DMA1_Channel4_IRQHandler
                0x0000000008001f20                USART3_IRQHandler
                0x0000000008001f20                RTC_IRQHandler
                0x0000000008001f20                DMA1_Channel7_IRQHandler
                0x0000000008001f20                CAN1_RX1_IRQHandler
                0x0000000008001f20                TIM4_IRQHandler
                0x0000000008001f20                I2C1_EV_IRQHandler
                0x0000000008001f20                DMA1_Channel6_IRQHandler
                0x0000000008001f20                TIM3_IRQHandler
                0x0000000008001f20                RCC_IRQHandler
                0x0000000008001f20                TIM1_TRG_COM_IRQHandler
                0x0000000008001f20                DMA1_Channel1_IRQHandler
                0x0000000008001f20                Default_Handler
                0x0000000008001f20                EXTI15_10_IRQHandler
                0x0000000008001f20                EXTI9_5_IRQHandler
                0x0000000008001f20                SPI2_IRQHandler
                0x0000000008001f20                DMA1_Channel5_IRQHandler
                0x0000000008001f20                EXTI4_IRQHandler
                0x0000000008001f20                USB_LP_CAN1_RX0_IRQHandler
                0x0000000008001f20                USB_HP_CAN1_TX_IRQHandler
                0x0000000008001f20                DMA1_Channel3_IRQHandler
                0x0000000008001f20                TIM1_UP_IRQHandler
                0x0000000008001f20                WWDG_IRQHandler
                0x0000000008001f20                TIM1_BRK_IRQHandler
                0x0000000008001f20                EXTI1_IRQHandler
                0x0000000008001f20                USART2_IRQHandler
                0x0000000008001f20                I2C2_ER_IRQHandler
                0x0000000008001f20                DMA1_Channel2_IRQHandler
                0x0000000008001f20                CAN1_SCE_IRQHandler
                0x0000000008001f20                FLASH_IRQHandler
                0x0000000008001f20                USART1_IRQHandler
                0x0000000008001f20                I2C1_ER_IRQHandler
                0x0000000008001f20                USBWakeUp_IRQHandler
 *fill*         0x0000000008001f22        0x2 
 .text.HAL_Init
                0x0000000008001f24       0x2c ./Drivers/STM32F1xx_HAL_Driver/Src/stm32f1xx_hal.o
                0x0000000008001f24                HAL_Init
 .text.HAL_InitTick
                0x0000000008001f50       0x60 ./Drivers/STM32F1xx_HAL_Driver/Src/stm32f1xx_hal.o
                0x0000000008001f50                HAL_InitTick
 .text.HAL_IncTick
                0x0000000008001fb0       0x24 ./Drivers/STM32F1xx_HAL_Driver/Src/stm32f1xx_hal.o
                0x0000000008001fb0                HAL_IncTick
 .text.HAL_GetTick
                0x0000000008001fd4       0x14 ./Drivers/STM32F1xx_HAL_Driver/Src/stm32f1xx_hal.o
                0x0000000008001fd4                HAL_GetTick
 .text.HAL_Delay
                0x0000000008001fe8       0x48 ./Drivers/STM32F1xx_HAL_Driver/Src/stm32f1xx_hal.o
                0x0000000008001fe8                HAL_Delay
 .text.__NVIC_SetPriorityGrouping
                0x0000000008002030       0x48 ./Drivers/STM32F1xx_HAL_Driver/Src/stm32f1xx_hal_cortex.o
 .text.__NVIC_GetPriorityGrouping
                0x0000000008002078       0x1c ./Drivers/STM32F1xx_HAL_Driver/Src/stm32f1xx_hal_cortex.o
 .text.__NVIC_EnableIRQ
                0x0000000008002094       0x38 ./Drivers/STM32F1xx_HAL_Driver/Src/stm32f1xx_hal_cortex.o
 .text.__NVIC_SetPriority
                0x00000000080020cc       0x54 ./Drivers/STM32F1xx_HAL_Driver/Src/stm32f1xx_hal_cortex.o
 .text.NVIC_EncodePriority
                0x0000000008002120       0x64 ./Drivers/STM32F1xx_HAL_Driver/Src/stm32f1xx_hal_cortex.o
 .text.SysTick_Config
                0x0000000008002184       0x44 ./Drivers/STM32F1xx_HAL_Driver/Src/stm32f1xx_hal_cortex.o
 .text.HAL_NVIC_SetPriorityGrouping
                0x00000000080021c8       0x16 ./Drivers/STM32F1xx_HAL_Driver/Src/stm32f1xx_hal_cortex.o
                0x00000000080021c8                HAL_NVIC_SetPriorityGrouping
 .text.HAL_NVIC_SetPriority
                0x00000000080021de       0x38 ./Drivers/STM32F1xx_HAL_Driver/Src/stm32f1xx_hal_cortex.o
                0x00000000080021de                HAL_NVIC_SetPriority
 .text.HAL_NVIC_EnableIRQ
                0x0000000008002216       0x1c ./Drivers/STM32F1xx_HAL_Driver/Src/stm32f1xx_hal_cortex.o
                0x0000000008002216                HAL_NVIC_EnableIRQ
 .text.HAL_SYSTICK_Config
                0x0000000008002232       0x18 ./Drivers/STM32F1xx_HAL_Driver/Src/stm32f1xx_hal_cortex.o
                0x0000000008002232                HAL_SYSTICK_Config
 *fill*         0x000000000800224a        0x2 
 .text.HAL_GPIO_Init
                0x000000000800224c      0x308 ./Drivers/STM32F1xx_HAL_Driver/Src/stm32f1xx_hal_gpio.o
                0x000000000800224c                HAL_GPIO_Init
 .text.HAL_GPIO_ReadPin
                0x0000000008002554       0x2e ./Drivers/STM32F1xx_HAL_Driver/Src/stm32f1xx_hal_gpio.o
                0x0000000008002554                HAL_GPIO_ReadPin
 .text.HAL_GPIO_WritePin
                0x0000000008002582       0x30 ./Drivers/STM32F1xx_HAL_Driver/Src/stm32f1xx_hal_gpio.o
                0x0000000008002582                HAL_GPIO_WritePin
 *fill*         0x00000000080025b2        0x2 
 .text.HAL_I2C_Init
                0x00000000080025b4      0x288 ./Drivers/STM32F1xx_HAL_Driver/Src/stm32f1xx_hal_i2c.o
                0x00000000080025b4                HAL_I2C_Init
 .text.HAL_I2C_Master_Transmit
                0x000000000800283c      0x1fc ./Drivers/STM32F1xx_HAL_Driver/Src/stm32f1xx_hal_i2c.o
                0x000000000800283c                HAL_I2C_Master_Transmit
 .text.I2C_MasterRequestWrite
                0x0000000008002a38      0x104 ./Drivers/STM32F1xx_HAL_Driver/Src/stm32f1xx_hal_i2c.o
 .text.I2C_WaitOnFlagUntilTimeout
                0x0000000008002b3c       0xf4 ./Drivers/STM32F1xx_HAL_Driver/Src/stm32f1xx_hal_i2c.o
 .text.I2C_WaitOnMasterAddressFlagUntilTimeout
                0x0000000008002c30      0x140 ./Drivers/STM32F1xx_HAL_Driver/Src/stm32f1xx_hal_i2c.o
 .text.I2C_WaitOnTXEFlagUntilTimeout
                0x0000000008002d70       0x90 ./Drivers/STM32F1xx_HAL_Driver/Src/stm32f1xx_hal_i2c.o
 .text.I2C_WaitOnBTFFlagUntilTimeout
                0x0000000008002e00       0x90 ./Drivers/STM32F1xx_HAL_Driver/Src/stm32f1xx_hal_i2c.o
 .text.I2C_IsAcknowledgeFailed
                0x0000000008002e90       0x5c ./Drivers/STM32F1xx_HAL_Driver/Src/stm32f1xx_hal_i2c.o
 .text.HAL_RCC_OscConfig
                0x0000000008002eec      0x500 ./Drivers/STM32F1xx_HAL_Driver/Src/stm32f1xx_hal_rcc.o
                0x0000000008002eec                HAL_RCC_OscConfig
 .text.HAL_RCC_ClockConfig
                0x00000000080033ec      0x1d4 ./Drivers/STM32F1xx_HAL_Driver/Src/stm32f1xx_hal_rcc.o
                0x00000000080033ec                HAL_RCC_ClockConfig
 .text.HAL_RCC_GetSysClockFreq
                0x00000000080035c0       0xa8 ./Drivers/STM32F1xx_HAL_Driver/Src/stm32f1xx_hal_rcc.o
                0x00000000080035c0                HAL_RCC_GetSysClockFreq
 .text.HAL_RCC_GetHCLKFreq
                0x0000000008003668       0x14 ./Drivers/STM32F1xx_HAL_Driver/Src/stm32f1xx_hal_rcc.o
                0x0000000008003668                HAL_RCC_GetHCLKFreq
 .text.HAL_RCC_GetPCLK1Freq
                0x000000000800367c       0x28 ./Drivers/STM32F1xx_HAL_Driver/Src/stm32f1xx_hal_rcc.o
                0x000000000800367c                HAL_RCC_GetPCLK1Freq
 .text.HAL_RCC_GetPCLK2Freq
                0x00000000080036a4       0x28 ./Drivers/STM32F1xx_HAL_Driver/Src/stm32f1xx_hal_rcc.o
                0x00000000080036a4                HAL_RCC_GetPCLK2Freq
 .text.RCC_Delay
                0x00000000080036cc       0x3c ./Drivers/STM32F1xx_HAL_Driver/Src/stm32f1xx_hal_rcc.o
 .text.HAL_TIM_Base_Init
                0x0000000008003708       0x9e ./Drivers/STM32F1xx_HAL_Driver/Src/stm32f1xx_hal_tim.o
                0x0000000008003708                HAL_TIM_Base_Init
 *fill*         0x00000000080037a6        0x2 
 .text.HAL_TIM_Base_Start_IT
                0x00000000080037a8       0xa4 ./Drivers/STM32F1xx_HAL_Driver/Src/stm32f1xx_hal_tim.o
                0x00000000080037a8                HAL_TIM_Base_Start_IT
 .text.HAL_TIM_IRQHandler
                0x000000000800384c      0x1e0 ./Drivers/STM32F1xx_HAL_Driver/Src/stm32f1xx_hal_tim.o
                0x000000000800384c                HAL_TIM_IRQHandler
 .text.HAL_TIM_ConfigClockSource
                0x0000000008003a2c      0x18e ./Drivers/STM32F1xx_HAL_Driver/Src/stm32f1xx_hal_tim.o
                0x0000000008003a2c                HAL_TIM_ConfigClockSource
 .text.HAL_TIM_OC_DelayElapsedCallback
                0x0000000008003bba       0x12 ./Drivers/STM32F1xx_HAL_Driver/Src/stm32f1xx_hal_tim.o
                0x0000000008003bba                HAL_TIM_OC_DelayElapsedCallback
 .text.HAL_TIM_IC_CaptureCallback
                0x0000000008003bcc       0x12 ./Drivers/STM32F1xx_HAL_Driver/Src/stm32f1xx_hal_tim.o
                0x0000000008003bcc                HAL_TIM_IC_CaptureCallback
 .text.HAL_TIM_PWM_PulseFinishedCallback
                0x0000000008003bde       0x12 ./Drivers/STM32F1xx_HAL_Driver/Src/stm32f1xx_hal_tim.o
                0x0000000008003bde                HAL_TIM_PWM_PulseFinishedCallback
 .text.HAL_TIM_TriggerCallback
                0x0000000008003bf0       0x12 ./Drivers/STM32F1xx_HAL_Driver/Src/stm32f1xx_hal_tim.o
                0x0000000008003bf0                HAL_TIM_TriggerCallback
 *fill*         0x0000000008003c02        0x2 
 .text.TIM_Base_SetConfig
                0x0000000008003c04       0xdc ./Drivers/STM32F1xx_HAL_Driver/Src/stm32f1xx_hal_tim.o
                0x0000000008003c04                TIM_Base_SetConfig
 .text.TIM_TI1_ConfigInputStage
                0x0000000008003ce0       0x5c ./Drivers/STM32F1xx_HAL_Driver/Src/stm32f1xx_hal_tim.o
 .text.TIM_TI2_ConfigInputStage
                0x0000000008003d3c       0x5e ./Drivers/STM32F1xx_HAL_Driver/Src/stm32f1xx_hal_tim.o
 .text.TIM_ITRx_SetConfig
                0x0000000008003d9a       0x34 ./Drivers/STM32F1xx_HAL_Driver/Src/stm32f1xx_hal_tim.o
 .text.TIM_ETR_SetConfig
                0x0000000008003dce       0x3e ./Drivers/STM32F1xx_HAL_Driver/Src/stm32f1xx_hal_tim.o
                0x0000000008003dce                TIM_ETR_SetConfig
 .text.HAL_TIMEx_MasterConfigSynchronization
                0x0000000008003e0c       0xbc ./Drivers/STM32F1xx_HAL_Driver/Src/stm32f1xx_hal_tim_ex.o
                0x0000000008003e0c                HAL_TIMEx_MasterConfigSynchronization
 .text.HAL_TIMEx_CommutCallback
                0x0000000008003ec8       0x12 ./Drivers/STM32F1xx_HAL_Driver/Src/stm32f1xx_hal_tim_ex.o
                0x0000000008003ec8                HAL_TIMEx_CommutCallback
 .text.HAL_TIMEx_BreakCallback
                0x0000000008003eda       0x12 ./Drivers/STM32F1xx_HAL_Driver/Src/stm32f1xx_hal_tim_ex.o
                0x0000000008003eda                HAL_TIMEx_BreakCallback
 .text.HAL_UART_Init
                0x0000000008003eec       0xa0 ./Drivers/STM32F1xx_HAL_Driver/Src/stm32f1xx_hal_uart.o
                0x0000000008003eec                HAL_UART_Init
 .text.UART_SetConfig
                0x0000000008003f8c      0x11c ./Drivers/STM32F1xx_HAL_Driver/Src/stm32f1xx_hal_uart.o
 .text.__errno  0x00000000080040a8        0xc c:/st/stm32cubeide_1.7.0/stm32cubeide/plugins/com.st.stm32cube.ide.mcu.externaltools.gnu-tools-for-stm32.9-2020-q2-update.win32_2.0.0.202105311346/tools/bin/../lib/gcc/arm-none-eabi/9.3.1/../../../../arm-none-eabi/lib/thumb/v7-m/nofp\libc_nano.a(lib_a-errno.o)
                0x00000000080040a8                __errno
 .text.__libc_init_array
                0x00000000080040b4       0x48 c:/st/stm32cubeide_1.7.0/stm32cubeide/plugins/com.st.stm32cube.ide.mcu.externaltools.gnu-tools-for-stm32.9-2020-q2-update.win32_2.0.0.202105311346/tools/bin/../lib/gcc/arm-none-eabi/9.3.1/../../../../arm-none-eabi/lib/thumb/v7-m/nofp\libc_nano.a(lib_a-init.o)
                0x00000000080040b4                __libc_init_array
 .text.memset   0x00000000080040fc       0x10 c:/st/stm32cubeide_1.7.0/stm32cubeide/plugins/com.st.stm32cube.ide.mcu.externaltools.gnu-tools-for-stm32.9-2020-q2-update.win32_2.0.0.202105311346/tools/bin/../lib/gcc/arm-none-eabi/9.3.1/../../../../arm-none-eabi/lib/thumb/v7-m/nofp\libc_nano.a(lib_a-memset.o)
                0x00000000080040fc                memset
 .text.sprintf  0x000000000800410c       0x40 c:/st/stm32cubeide_1.7.0/stm32cubeide/plugins/com.st.stm32cube.ide.mcu.externaltools.gnu-tools-for-stm32.9-2020-q2-update.win32_2.0.0.202105311346/tools/bin/../lib/gcc/arm-none-eabi/9.3.1/../../../../arm-none-eabi/lib/thumb/v7-m/nofp\libc_nano.a(lib_a-sprintf.o)
                0x000000000800410c                siprintf
                0x000000000800410c                sprintf
 .text.__ssputs_r
                0x000000000800414c       0xb6 c:/st/stm32cubeide_1.7.0/stm32cubeide/plugins/com.st.stm32cube.ide.mcu.externaltools.gnu-tools-for-stm32.9-2020-q2-update.win32_2.0.0.202105311346/tools/bin/../lib/gcc/arm-none-eabi/9.3.1/../../../../arm-none-eabi/lib/thumb/v7-m/nofp\libc_nano.a(lib_a-nano-svfprintf.o)
                0x000000000800414c                __ssputs_r
 *fill*         0x0000000008004202        0x2 
 .text._svfprintf_r
                0x0000000008004204      0x200 c:/st/stm32cubeide_1.7.0/stm32cubeide/plugins/com.st.stm32cube.ide.mcu.externaltools.gnu-tools-for-stm32.9-2020-q2-update.win32_2.0.0.202105311346/tools/bin/../lib/gcc/arm-none-eabi/9.3.1/../../../../arm-none-eabi/lib/thumb/v7-m/nofp\libc_nano.a(lib_a-nano-svfprintf.o)
                0x0000000008004204                _svfiprintf_r
                0x0000000008004204                _svfprintf_r
 .text._printf_common
                0x0000000008004404       0xde c:/st/stm32cubeide_1.7.0/stm32cubeide/plugins/com.st.stm32cube.ide.mcu.externaltools.gnu-tools-for-stm32.9-2020-q2-update.win32_2.0.0.202105311346/tools/bin/../lib/gcc/arm-none-eabi/9.3.1/../../../../arm-none-eabi/lib/thumb/v7-m/nofp\libc_nano.a(lib_a-nano-vfprintf_i.o)
                0x0000000008004404                _printf_common
 *fill*         0x00000000080044e2        0x2 
 .text._printf_i
                0x00000000080044e4      0x24c c:/st/stm32cubeide_1.7.0/stm32cubeide/plugins/com.st.stm32cube.ide.mcu.externaltools.gnu-tools-for-stm32.9-2020-q2-update.win32_2.0.0.202105311346/tools/bin/../lib/gcc/arm-none-eabi/9.3.1/../../../../arm-none-eabi/lib/thumb/v7-m/nofp\libc_nano.a(lib_a-nano-vfprintf_i.o)
                0x00000000080044e4                _printf_i
 .text.memchr   0x0000000008004730       0x1c c:/st/stm32cubeide_1.7.0/stm32cubeide/plugins/com.st.stm32cube.ide.mcu.externaltools.gnu-tools-for-stm32.9-2020-q2-update.win32_2.0.0.202105311346/tools/bin/../lib/gcc/arm-none-eabi/9.3.1/../../../../arm-none-eabi/lib/thumb/v7-m/nofp\libc_nano.a(lib_a-memchr-stub.o)
                0x0000000008004730                memchr
 .text.memcpy   0x000000000800474c       0x1c c:/st/stm32cubeide_1.7.0/stm32cubeide/plugins/com.st.stm32cube.ide.mcu.externaltools.gnu-tools-for-stm32.9-2020-q2-update.win32_2.0.0.202105311346/tools/bin/../lib/gcc/arm-none-eabi/9.3.1/../../../../arm-none-eabi/lib/thumb/v7-m/nofp\libc_nano.a(lib_a-memcpy-stub.o)
                0x000000000800474c                memcpy
 .text.memmove  0x0000000008004768       0x34 c:/st/stm32cubeide_1.7.0/stm32cubeide/plugins/com.st.stm32cube.ide.mcu.externaltools.gnu-tools-for-stm32.9-2020-q2-update.win32_2.0.0.202105311346/tools/bin/../lib/gcc/arm-none-eabi/9.3.1/../../../../arm-none-eabi/lib/thumb/v7-m/nofp\libc_nano.a(lib_a-memmove.o)
                0x0000000008004768                memmove
 .text._free_r  0x000000000800479c       0x98 c:/st/stm32cubeide_1.7.0/stm32cubeide/plugins/com.st.stm32cube.ide.mcu.externaltools.gnu-tools-for-stm32.9-2020-q2-update.win32_2.0.0.202105311346/tools/bin/../lib/gcc/arm-none-eabi/9.3.1/../../../../arm-none-eabi/lib/thumb/v7-m/nofp\libc_nano.a(lib_a-nano-freer.o)
                0x000000000800479c                _free_r
 .text._malloc_r
                0x0000000008004834       0xb4 c:/st/stm32cubeide_1.7.0/stm32cubeide/plugins/com.st.stm32cube.ide.mcu.externaltools.gnu-tools-for-stm32.9-2020-q2-update.win32_2.0.0.202105311346/tools/bin/../lib/gcc/arm-none-eabi/9.3.1/../../../../arm-none-eabi/lib/thumb/v7-m/nofp\libc_nano.a(lib_a-nano-mallocr.o)
                0x0000000008004834                _malloc_r
 .text._realloc_r
                0x00000000080048e8       0x4c c:/st/stm32cubeide_1.7.0/stm32cubeide/plugins/com.st.stm32cube.ide.mcu.externaltools.gnu-tools-for-stm32.9-2020-q2-update.win32_2.0.0.202105311346/tools/bin/../lib/gcc/arm-none-eabi/9.3.1/../../../../arm-none-eabi/lib/thumb/v7-m/nofp\libc_nano.a(lib_a-nano-reallocr.o)
                0x00000000080048e8                _realloc_r
 .text._sbrk_r  0x0000000008004934       0x20 c:/st/stm32cubeide_1.7.0/stm32cubeide/plugins/com.st.stm32cube.ide.mcu.externaltools.gnu-tools-for-stm32.9-2020-q2-update.win32_2.0.0.202105311346/tools/bin/../lib/gcc/arm-none-eabi/9.3.1/../../../../arm-none-eabi/lib/thumb/v7-m/nofp\libc_nano.a(lib_a-sbrkr.o)
                0x0000000008004934                _sbrk_r
 .text.__malloc_lock
                0x0000000008004954        0xc c:/st/stm32cubeide_1.7.0/stm32cubeide/plugins/com.st.stm32cube.ide.mcu.externaltools.gnu-tools-for-stm32.9-2020-q2-update.win32_2.0.0.202105311346/tools/bin/../lib/gcc/arm-none-eabi/9.3.1/../../../../arm-none-eabi/lib/thumb/v7-m/nofp\libc_nano.a(lib_a-mlock.o)
                0x0000000008004954                __malloc_lock
 .text.__malloc_unlock
                0x0000000008004960        0xc c:/st/stm32cubeide_1.7.0/stm32cubeide/plugins/com.st.stm32cube.ide.mcu.externaltools.gnu-tools-for-stm32.9-2020-q2-update.win32_2.0.0.202105311346/tools/bin/../lib/gcc/arm-none-eabi/9.3.1/../../../../arm-none-eabi/lib/thumb/v7-m/nofp\libc_nano.a(lib_a-mlock.o)
                0x0000000008004960                __malloc_unlock
 .text._malloc_usable_size_r
                0x000000000800496c       0x10 c:/st/stm32cubeide_1.7.0/stm32cubeide/plugins/com.st.stm32cube.ide.mcu.externaltools.gnu-tools-for-stm32.9-2020-q2-update.win32_2.0.0.202105311346/tools/bin/../lib/gcc/arm-none-eabi/9.3.1/../../../../arm-none-eabi/lib/thumb/v7-m/nofp\libc_nano.a(lib_a-nano-msizer.o)
                0x000000000800496c                _malloc_usable_size_r
 .text.__retarget_lock_acquire_recursive
                0x000000000800497c        0x2 c:/st/stm32cubeide_1.7.0/stm32cubeide/plugins/com.st.stm32cube.ide.mcu.externaltools.gnu-tools-for-stm32.9-2020-q2-update.win32_2.0.0.202105311346/tools/bin/../lib/gcc/arm-none-eabi/9.3.1/../../../../arm-none-eabi/lib/thumb/v7-m/nofp\libc_nano.a(lib_a-lock.o)
                0x000000000800497c                __retarget_lock_acquire_recursive
 .text.__retarget_lock_release_recursive
                0x000000000800497e        0x2 c:/st/stm32cubeide_1.7.0/stm32cubeide/plugins/com.st.stm32cube.ide.mcu.externaltools.gnu-tools-for-stm32.9-2020-q2-update.win32_2.0.0.202105311346/tools/bin/../lib/gcc/arm-none-eabi/9.3.1/../../../../arm-none-eabi/lib/thumb/v7-m/nofp\libc_nano.a(lib_a-lock.o)
                0x000000000800497e                __retarget_lock_release_recursive
 *(.glue_7)
 .glue_7        0x0000000008004980        0x0 linker stubs
 *(.glue_7t)
 .glue_7t       0x0000000008004980        0x0 linker stubs
 *(.eh_frame)
 .eh_frame      0x0000000008004980        0x0 c:/st/stm32cubeide_1.7.0/stm32cubeide/plugins/com.st.stm32cube.ide.mcu.externaltools.gnu-tools-for-stm32.9-2020-q2-update.win32_2.0.0.202105311346/tools/bin/../lib/gcc/arm-none-eabi/9.3.1/thumb/v7-m/nofp/crtbegin.o
 *(.init)
 .init          0x0000000008004980        0x4 c:/st/stm32cubeide_1.7.0/stm32cubeide/plugins/com.st.stm32cube.ide.mcu.externaltools.gnu-tools-for-stm32.9-2020-q2-update.win32_2.0.0.202105311346/tools/bin/../lib/gcc/arm-none-eabi/9.3.1/thumb/v7-m/nofp/crti.o
                0x0000000008004980                _init
 .init          0x0000000008004984        0x8 c:/st/stm32cubeide_1.7.0/stm32cubeide/plugins/com.st.stm32cube.ide.mcu.externaltools.gnu-tools-for-stm32.9-2020-q2-update.win32_2.0.0.202105311346/tools/bin/../lib/gcc/arm-none-eabi/9.3.1/thumb/v7-m/nofp/crtn.o
 *(.fini)
 .fini          0x000000000800498c        0x4 c:/st/stm32cubeide_1.7.0/stm32cubeide/plugins/com.st.stm32cube.ide.mcu.externaltools.gnu-tools-for-stm32.9-2020-q2-update.win32_2.0.0.202105311346/tools/bin/../lib/gcc/arm-none-eabi/9.3.1/thumb/v7-m/nofp/crti.o
                0x000000000800498c                _fini
 .fini          0x0000000008004990        0x8 c:/st/stm32cubeide_1.7.0/stm32cubeide/plugins/com.st.stm32cube.ide.mcu.externaltools.gnu-tools-for-stm32.9-2020-q2-update.win32_2.0.0.202105311346/tools/bin/../lib/gcc/arm-none-eabi/9.3.1/thumb/v7-m/nofp/crtn.o
                0x0000000008004998                . = ALIGN (0x4)
                0x0000000008004998                _etext = .

.vfp11_veneer   0x0000000008004998        0x0
 .vfp11_veneer  0x0000000008004998        0x0 linker stubs

.v4_bx          0x0000000008004998        0x0
 .v4_bx         0x0000000008004998        0x0 linker stubs

.iplt           0x0000000008004998        0x0
 .iplt          0x0000000008004998        0x0 c:/st/stm32cubeide_1.7.0/stm32cubeide/plugins/com.st.stm32cube.ide.mcu.externaltools.gnu-tools-for-stm32.9-2020-q2-update.win32_2.0.0.202105311346/tools/bin/../lib/gcc/arm-none-eabi/9.3.1/thumb/v7-m/nofp/crtbegin.o

.rodata         0x0000000008004998       0xb4
                0x0000000008004998                . = ALIGN (0x4)
 *(.rodata)
 .rodata        0x0000000008004998       0x54 ./Core/Src/fsm_automatic.o
 *(.rodata*)
 .rodata.AHBPrescTable
                0x00000000080049ec       0x10 ./Core/Src/system_stm32f1xx.o
                0x00000000080049ec                AHBPrescTable
 .rodata.APBPrescTable
                0x00000000080049fc        0x8 ./Core/Src/system_stm32f1xx.o
                0x00000000080049fc                APBPrescTable
 .rodata.aPLLMULFactorTable.6442
                0x0000000008004a04       0x10 ./Drivers/STM32F1xx_HAL_Driver/Src/stm32f1xx_hal_rcc.o
 .rodata.aPredivFactorTable.6443
                0x0000000008004a14        0x2 ./Drivers/STM32F1xx_HAL_Driver/Src/stm32f1xx_hal_rcc.o
 .rodata._svfprintf_r.str1.1
                0x0000000008004a16       0x11 c:/st/stm32cubeide_1.7.0/stm32cubeide/plugins/com.st.stm32cube.ide.mcu.externaltools.gnu-tools-for-stm32.9-2020-q2-update.win32_2.0.0.202105311346/tools/bin/../lib/gcc/arm-none-eabi/9.3.1/../../../../arm-none-eabi/lib/thumb/v7-m/nofp\libc_nano.a(lib_a-nano-svfprintf.o)
 .rodata._printf_i.str1.1
                0x0000000008004a27       0x22 c:/st/stm32cubeide_1.7.0/stm32cubeide/plugins/com.st.stm32cube.ide.mcu.externaltools.gnu-tools-for-stm32.9-2020-q2-update.win32_2.0.0.202105311346/tools/bin/../lib/gcc/arm-none-eabi/9.3.1/../../../../arm-none-eabi/lib/thumb/v7-m/nofp\libc_nano.a(lib_a-nano-vfprintf_i.o)
                0x0000000008004a4c                . = ALIGN (0x4)
 *fill*         0x0000000008004a49        0x3 

.rel.dyn        0x0000000008004a4c        0x0
 .rel.iplt      0x0000000008004a4c        0x0 c:/st/stm32cubeide_1.7.0/stm32cubeide/plugins/com.st.stm32cube.ide.mcu.externaltools.gnu-tools-for-stm32.9-2020-q2-update.win32_2.0.0.202105311346/tools/bin/../lib/gcc/arm-none-eabi/9.3.1/thumb/v7-m/nofp/crtbegin.o

.ARM.extab      0x0000000008004a4c        0x0
                0x0000000008004a4c                . = ALIGN (0x4)
 *(.ARM.extab* .gnu.linkonce.armextab.*)
                0x0000000008004a4c                . = ALIGN (0x4)

.ARM            0x0000000008004a4c        0x0
                0x0000000008004a4c                . = ALIGN (0x4)
                0x0000000008004a4c                __exidx_start = .
 *(.ARM.exidx*)
                0x0000000008004a4c                __exidx_end = .
                0x0000000008004a4c                . = ALIGN (0x4)

.preinit_array  0x0000000008004a4c        0x0
                0x0000000008004a4c                . = ALIGN (0x4)
                0x0000000008004a4c                PROVIDE (__preinit_array_start = .)
 *(.preinit_array*)
                0x0000000008004a4c                PROVIDE (__preinit_array_end = .)
                0x0000000008004a4c                . = ALIGN (0x4)

.init_array     0x0000000008004a4c        0x4
                0x0000000008004a4c                . = ALIGN (0x4)
                0x0000000008004a4c                PROVIDE (__init_array_start = .)
 *(SORT_BY_NAME(.init_array.*))
 *(.init_array*)
 .init_array    0x0000000008004a4c        0x4 c:/st/stm32cubeide_1.7.0/stm32cubeide/plugins/com.st.stm32cube.ide.mcu.externaltools.gnu-tools-for-stm32.9-2020-q2-update.win32_2.0.0.202105311346/tools/bin/../lib/gcc/arm-none-eabi/9.3.1/thumb/v7-m/nofp/crtbegin.o
                0x0000000008004a50                PROVIDE (__init_array_end = .)
                0x0000000008004a50                . = ALIGN (0x4)

.fini_array     0x0000000008004a50        0x4
                0x0000000008004a50                . = ALIGN (0x4)
                [!provide]                        PROVIDE (__fini_array_start = .)
 *(SORT_BY_NAME(.fini_array.*))
 *(.fini_array*)
 .fini_array    0x0000000008004a50        0x4 c:/st/stm32cubeide_1.7.0/stm32cubeide/plugins/com.st.stm32cube.ide.mcu.externaltools.gnu-tools-for-stm32.9-2020-q2-update.win32_2.0.0.202105311346/tools/bin/../lib/gcc/arm-none-eabi/9.3.1/thumb/v7-m/nofp/crtbegin.o
                [!provide]                        PROVIDE (__fini_array_end = .)
                0x0000000008004a54                . = ALIGN (0x4)
                0x0000000008004a54                _sidata = LOADADDR (.data)

.data           0x0000000020000000       0x7c load address 0x0000000008004a54
                0x0000000020000000                . = ALIGN (0x4)
                0x0000000020000000                _sdata = .
 *(.data)
 *(.data*)
 .data.Time_red
                0x0000000020000000        0x4 ./Core/Src/fsm_automatic.o
                0x0000000020000000                Time_red
 .data.Time_green
                0x0000000020000004        0x4 ./Core/Src/fsm_automatic.o
                0x0000000020000004                Time_green
 .data.Time_yellow
                0x0000000020000008        0x4 ./Core/Src/fsm_automatic.o
                0x0000000020000008                Time_yellow
 .data.SystemCoreClock
                0x000000002000000c        0x4 ./Core/Src/system_stm32f1xx.o
                0x000000002000000c                SystemCoreClock
 .data.uwTickPrio
                0x0000000020000010        0x4 ./Drivers/STM32F1xx_HAL_Driver/Src/stm32f1xx_hal.o
                0x0000000020000010                uwTickPrio
 .data.uwTickFreq
                0x0000000020000014        0x1 ./Drivers/STM32F1xx_HAL_Driver/Src/stm32f1xx_hal.o
                0x0000000020000014                uwTickFreq
 *fill*         0x0000000020000015        0x3 
 .data._impure_ptr
                0x0000000020000018        0x4 c:/st/stm32cubeide_1.7.0/stm32cubeide/plugins/com.st.stm32cube.ide.mcu.externaltools.gnu-tools-for-stm32.9-2020-q2-update.win32_2.0.0.202105311346/tools/bin/../lib/gcc/arm-none-eabi/9.3.1/../../../../arm-none-eabi/lib/thumb/v7-m/nofp\libc_nano.a(lib_a-impure.o)
                0x0000000020000018                _impure_ptr
 .data.impure_data
                0x000000002000001c       0x60 c:/st/stm32cubeide_1.7.0/stm32cubeide/plugins/com.st.stm32cube.ide.mcu.externaltools.gnu-tools-for-stm32.9-2020-q2-update.win32_2.0.0.202105311346/tools/bin/../lib/gcc/arm-none-eabi/9.3.1/../../../../arm-none-eabi/lib/thumb/v7-m/nofp\libc_nano.a(lib_a-impure.o)
 *(.RamFunc)
 *(.RamFunc*)
                0x000000002000007c                . = ALIGN (0x4)
                0x000000002000007c                _edata = .

.igot.plt       0x000000002000007c        0x0 load address 0x0000000008004ad0
 .igot.plt      0x000000002000007c        0x0 c:/st/stm32cubeide_1.7.0/stm32cubeide/plugins/com.st.stm32cube.ide.mcu.externaltools.gnu-tools-for-stm32.9-2020-q2-update.win32_2.0.0.202105311346/tools/bin/../lib/gcc/arm-none-eabi/9.3.1/thumb/v7-m/nofp/crtbegin.o
                0x000000002000007c                . = ALIGN (0x4)

.bss            0x000000002000007c      0x4b0 load address 0x0000000008004ad0
                0x000000002000007c                _sbss = .
                0x000000002000007c                __bss_start__ = _sbss
 *(.bss)
 .bss           0x000000002000007c       0x1c c:/st/stm32cubeide_1.7.0/stm32cubeide/plugins/com.st.stm32cube.ide.mcu.externaltools.gnu-tools-for-stm32.9-2020-q2-update.win32_2.0.0.202105311346/tools/bin/../lib/gcc/arm-none-eabi/9.3.1/thumb/v7-m/nofp/crtbegin.o
 *(.bss*)
 .bss.Error_code_G
                0x0000000020000098        0x1 ./Core/Src/Scheduler.o
                0x0000000020000098                Error_code_G
 *fill*         0x0000000020000099        0x3 
 .bss.DisplayCounter
                0x000000002000009c        0x4 ./Core/Src/fsm_automatic.o
                0x000000002000009c                DisplayCounter
 .bss.mode2_flag
                0x00000000200000a0        0x4 ./Core/Src/fsm_automatic.o
                0x00000000200000a0                mode2_flag
 .bss.mode3_flag
                0x00000000200000a4        0x4 ./Core/Src/fsm_automatic.o
                0x00000000200000a4                mode3_flag
 .bss.mode4_flag
                0x00000000200000a8        0x4 ./Core/Src/fsm_automatic.o
                0x00000000200000a8                mode4_flag
 .bss.counter_x
                0x00000000200000ac        0x4 ./Core/Src/fsm_automatic.o
                0x00000000200000ac                counter_x
 .bss.counter_y
                0x00000000200000b0        0x4 ./Core/Src/fsm_automatic.o
                0x00000000200000b0                counter_y
 .bss.counter_led_x
                0x00000000200000b4        0x4 ./Core/Src/fsm_manual.o
                0x00000000200000b4                counter_led_x
 .bss.counter_led_y
                0x00000000200000b8        0x4 ./Core/Src/fsm_manual.o
                0x00000000200000b8                counter_led_y
 .bss.counter_manual
                0x00000000200000bc        0x4 ./Core/Src/fsm_manual_mode.o
                0x00000000200000bc                counter_manual
 .bss.statusx   0x00000000200000c0        0x4 ./Core/Src/global.o
                0x00000000200000c0                statusx
 .bss.statusy   0x00000000200000c4        0x4 ./Core/Src/global.o
                0x00000000200000c4                statusy
 .bss.number_clock1
                0x00000000200000c8        0x4 ./Core/Src/global.o
                0x00000000200000c8                number_clock1
 .bss.number_clock2
                0x00000000200000cc        0x4 ./Core/Src/global.o
                0x00000000200000cc                number_clock2
 .bss.buttonState1
                0x00000000200000d0        0x1 ./Core/Src/input_processing.o
                0x00000000200000d0                buttonState1
 .bss.buttonState2
                0x00000000200000d1        0x1 ./Core/Src/input_processing.o
                0x00000000200000d1                buttonState2
 .bss.buttonState3
                0x00000000200000d2        0x1 ./Core/Src/input_processing.o
                0x00000000200000d2                buttonState3
 *fill*         0x00000000200000d3        0x1 
 .bss.counterMode
                0x00000000200000d4        0x4 ./Core/Src/input_processing.o
                0x00000000200000d4                counterMode
 .bss.counterTimeSet
                0x00000000200000d8        0x4 ./Core/Src/input_processing.o
                0x00000000200000d8                counterTimeSet
 .bss.buttonBuffer
                0x00000000200000dc        0x3 ./Core/Src/input_reading.o
 *fill*         0x00000000200000df        0x1 
 .bss.debounceButtonBuffer1
                0x00000000200000e0        0x3 ./Core/Src/input_reading.o
 *fill*         0x00000000200000e3        0x1 
 .bss.debounceButtonBuffer2
                0x00000000200000e4        0x3 ./Core/Src/input_reading.o
 *fill*         0x00000000200000e7        0x1 
 .bss.flagForButtonPress1s
                0x00000000200000e8        0x3 ./Core/Src/input_reading.o
 *fill*         0x00000000200000eb        0x1 
 .bss.counterForButtonPress1s
                0x00000000200000ec        0x6 ./Core/Src/input_reading.o
 *fill*         0x00000000200000f2        0x2 
 .bss.button1_flag
                0x00000000200000f4        0x4 ./Core/Src/input_reading.o
                0x00000000200000f4                button1_flag
 .bss.button2_flag
                0x00000000200000f8        0x4 ./Core/Src/input_reading.o
                0x00000000200000f8                button2_flag
 .bss.button3_flag
                0x00000000200000fc        0x4 ./Core/Src/input_reading.o
                0x00000000200000fc                button3_flag
 .bss.statusledx
                0x0000000020000100        0x4 ./Core/Src/led_display.o
                0x0000000020000100                statusledx
 .bss.statusledy
                0x0000000020000104        0x4 ./Core/Src/led_display.o
                0x0000000020000104                statusledy
 .bss.__sbrk_heap_end
                0x0000000020000108        0x4 ./Core/Src/sysmem.o
 .bss.__malloc_free_list
                0x000000002000010c        0x4 c:/st/stm32cubeide_1.7.0/stm32cubeide/plugins/com.st.stm32cube.ide.mcu.externaltools.gnu-tools-for-stm32.9-2020-q2-update.win32_2.0.0.202105311346/tools/bin/../lib/gcc/arm-none-eabi/9.3.1/../../../../arm-none-eabi/lib/thumb/v7-m/nofp\libc_nano.a(lib_a-nano-mallocr.o)
                0x000000002000010c                __malloc_free_list
 .bss.__malloc_sbrk_start
                0x0000000020000110        0x4 c:/st/stm32cubeide_1.7.0/stm32cubeide/plugins/com.st.stm32cube.ide.mcu.externaltools.gnu-tools-for-stm32.9-2020-q2-update.win32_2.0.0.202105311346/tools/bin/../lib/gcc/arm-none-eabi/9.3.1/../../../../arm-none-eabi/lib/thumb/v7-m/nofp\libc_nano.a(lib_a-nano-mallocr.o)
                0x0000000020000110                __malloc_sbrk_start
 *(COMMON)
 COMMON         0x0000000020000114      0x320 ./Core/Src/Scheduler.o
                0x0000000020000114                SCH_tasks_G
 COMMON         0x0000000020000434       0xe4 ./Core/Src/main.o
                0x0000000020000434                hi2c1
                0x0000000020000488                htim2
                0x00000000200004d0                huart2
 COMMON         0x0000000020000518        0x4 ./Drivers/STM32F1xx_HAL_Driver/Src/stm32f1xx_hal.o
                0x0000000020000518                uwTick
 COMMON         0x000000002000051c        0x4 c:/st/stm32cubeide_1.7.0/stm32cubeide/plugins/com.st.stm32cube.ide.mcu.externaltools.gnu-tools-for-stm32.9-2020-q2-update.win32_2.0.0.202105311346/tools/bin/../lib/gcc/arm-none-eabi/9.3.1/../../../../arm-none-eabi/lib/thumb/v7-m/nofp\libc_nano.a(lib_a-reent.o)
                0x000000002000051c                errno
 COMMON         0x0000000020000520        0x9 c:/st/stm32cubeide_1.7.0/stm32cubeide/plugins/com.st.stm32cube.ide.mcu.externaltools.gnu-tools-for-stm32.9-2020-q2-update.win32_2.0.0.202105311346/tools/bin/../lib/gcc/arm-none-eabi/9.3.1/../../../../arm-none-eabi/lib/thumb/v7-m/nofp\libc_nano.a(lib_a-lock.o)
                0x0000000020000520                __lock___atexit_recursive_mutex
                0x0000000020000521                __lock___arc4random_mutex
                0x0000000020000522                __lock___env_recursive_mutex
                0x0000000020000523                __lock___sinit_recursive_mutex
                0x0000000020000524                __lock___malloc_recursive_mutex
                0x0000000020000525                __lock___at_quick_exit_mutex
                0x0000000020000526                __lock___dd_hash_mutex
                0x0000000020000527                __lock___tz_mutex
                0x0000000020000528                __lock___sfp_recursive_mutex
                0x000000002000052c                . = ALIGN (0x4)
 *fill*         0x0000000020000529        0x3 
                0x000000002000052c                _ebss = .
                0x000000002000052c                __bss_end__ = _ebss

._user_heap_stack
                0x000000002000052c      0x604 load address 0x0000000008004ad0
                0x0000000020000530                . = ALIGN (0x8)
 *fill*         0x000000002000052c        0x4 
                [!provide]                        PROVIDE (end = .)
                0x0000000020000530                PROVIDE (_end = .)
                0x0000000020000730                . = (. + _Min_Heap_Size)
 *fill*         0x0000000020000530      0x200 
                0x0000000020000b30                . = (. + _Min_Stack_Size)
 *fill*         0x0000000020000730      0x400 
                0x0000000020000b30                . = ALIGN (0x8)

/DISCARD/
 libc.a(*)
 libm.a(*)
 libgcc.a(*)

.ARM.attributes
                0x0000000000000000       0x29
 *(.ARM.attributes)
 .ARM.attributes
                0x0000000000000000       0x1d c:/st/stm32cubeide_1.7.0/stm32cubeide/plugins/com.st.stm32cube.ide.mcu.externaltools.gnu-tools-for-stm32.9-2020-q2-update.win32_2.0.0.202105311346/tools/bin/../lib/gcc/arm-none-eabi/9.3.1/thumb/v7-m/nofp/crti.o
 .ARM.attributes
                0x000000000000001d       0x2d c:/st/stm32cubeide_1.7.0/stm32cubeide/plugins/com.st.stm32cube.ide.mcu.externaltools.gnu-tools-for-stm32.9-2020-q2-update.win32_2.0.0.202105311346/tools/bin/../lib/gcc/arm-none-eabi/9.3.1/thumb/v7-m/nofp/crtbegin.o
 .ARM.attributes
                0x000000000000004a       0x2d ./Core/Src/Scheduler.o
 .ARM.attributes
                0x0000000000000077       0x2d ./Core/Src/fsm_automatic.o
 .ARM.attributes
                0x00000000000000a4       0x2d ./Core/Src/fsm_manual.o
 .ARM.attributes
                0x00000000000000d1       0x2d ./Core/Src/fsm_manual_mode.o
 .ARM.attributes
                0x00000000000000fe       0x33 ./Core/Src/global.o
 .ARM.attributes
                0x0000000000000131       0x2d ./Core/Src/i2c-lcd.o
 .ARM.attributes
                0x000000000000015e       0x2d ./Core/Src/input_processing.o
 .ARM.attributes
                0x000000000000018b       0x2d ./Core/Src/input_reading.o
 .ARM.attributes
                0x00000000000001b8       0x2d ./Core/Src/led_display.o
 .ARM.attributes
                0x00000000000001e5       0x2d ./Core/Src/main.o
 .ARM.attributes
                0x0000000000000212       0x2d ./Core/Src/stm32f1xx_hal_msp.o
 .ARM.attributes
                0x000000000000023f       0x2d ./Core/Src/stm32f1xx_it.o
 .ARM.attributes
                0x000000000000026c       0x2d ./Core/Src/sysmem.o
 .ARM.attributes
                0x0000000000000299       0x2d ./Core/Src/system_stm32f1xx.o
 .ARM.attributes
                0x00000000000002c6       0x2d ./Core/Src/timer.o
 .ARM.attributes
                0x00000000000002f3       0x21 ./Core/Startup/startup_stm32f103rbtx.o
 .ARM.attributes
                0x0000000000000314       0x2d ./Drivers/STM32F1xx_HAL_Driver/Src/stm32f1xx_hal.o
 .ARM.attributes
                0x0000000000000341       0x2d ./Drivers/STM32F1xx_HAL_Driver/Src/stm32f1xx_hal_cortex.o
 .ARM.attributes
                0x000000000000036e       0x2d ./Drivers/STM32F1xx_HAL_Driver/Src/stm32f1xx_hal_gpio.o
 .ARM.attributes
                0x000000000000039b       0x2d ./Drivers/STM32F1xx_HAL_Driver/Src/stm32f1xx_hal_i2c.o
 .ARM.attributes
                0x00000000000003c8       0x2d ./Drivers/STM32F1xx_HAL_Driver/Src/stm32f1xx_hal_rcc.o
 .ARM.attributes
                0x00000000000003f5       0x2d ./Drivers/STM32F1xx_HAL_Driver/Src/stm32f1xx_hal_tim.o
 .ARM.attributes
                0x0000000000000422       0x2d ./Drivers/STM32F1xx_HAL_Driver/Src/stm32f1xx_hal_tim_ex.o
 .ARM.attributes
                0x000000000000044f       0x2d ./Drivers/STM32F1xx_HAL_Driver/Src/stm32f1xx_hal_uart.o
 .ARM.attributes
                0x000000000000047c       0x2d c:/st/stm32cubeide_1.7.0/stm32cubeide/plugins/com.st.stm32cube.ide.mcu.externaltools.gnu-tools-for-stm32.9-2020-q2-update.win32_2.0.0.202105311346/tools/bin/../lib/gcc/arm-none-eabi/9.3.1/../../../../arm-none-eabi/lib/thumb/v7-m/nofp\libc_nano.a(lib_a-errno.o)
 .ARM.attributes
                0x00000000000004a9       0x2d c:/st/stm32cubeide_1.7.0/stm32cubeide/plugins/com.st.stm32cube.ide.mcu.externaltools.gnu-tools-for-stm32.9-2020-q2-update.win32_2.0.0.202105311346/tools/bin/../lib/gcc/arm-none-eabi/9.3.1/../../../../arm-none-eabi/lib/thumb/v7-m/nofp\libc_nano.a(lib_a-impure.o)
 .ARM.attributes
                0x00000000000004d6       0x2d c:/st/stm32cubeide_1.7.0/stm32cubeide/plugins/com.st.stm32cube.ide.mcu.externaltools.gnu-tools-for-stm32.9-2020-q2-update.win32_2.0.0.202105311346/tools/bin/../lib/gcc/arm-none-eabi/9.3.1/../../../../arm-none-eabi/lib/thumb/v7-m/nofp\libc_nano.a(lib_a-init.o)
 .ARM.attributes
                0x0000000000000503       0x2d c:/st/stm32cubeide_1.7.0/stm32cubeide/plugins/com.st.stm32cube.ide.mcu.externaltools.gnu-tools-for-stm32.9-2020-q2-update.win32_2.0.0.202105311346/tools/bin/../lib/gcc/arm-none-eabi/9.3.1/../../../../arm-none-eabi/lib/thumb/v7-m/nofp\libc_nano.a(lib_a-memset.o)
 .ARM.attributes
                0x0000000000000530       0x2d c:/st/stm32cubeide_1.7.0/stm32cubeide/plugins/com.st.stm32cube.ide.mcu.externaltools.gnu-tools-for-stm32.9-2020-q2-update.win32_2.0.0.202105311346/tools/bin/../lib/gcc/arm-none-eabi/9.3.1/../../../../arm-none-eabi/lib/thumb/v7-m/nofp\libc_nano.a(lib_a-sprintf.o)
 .ARM.attributes
                0x000000000000055d       0x2d c:/st/stm32cubeide_1.7.0/stm32cubeide/plugins/com.st.stm32cube.ide.mcu.externaltools.gnu-tools-for-stm32.9-2020-q2-update.win32_2.0.0.202105311346/tools/bin/../lib/gcc/arm-none-eabi/9.3.1/../../../../arm-none-eabi/lib/thumb/v7-m/nofp\libc_nano.a(lib_a-nano-svfprintf.o)
 .ARM.attributes
                0x000000000000058a       0x2d c:/st/stm32cubeide_1.7.0/stm32cubeide/plugins/com.st.stm32cube.ide.mcu.externaltools.gnu-tools-for-stm32.9-2020-q2-update.win32_2.0.0.202105311346/tools/bin/../lib/gcc/arm-none-eabi/9.3.1/../../../../arm-none-eabi/lib/thumb/v7-m/nofp\libc_nano.a(lib_a-nano-vfprintf_i.o)
 .ARM.attributes
                0x00000000000005b7       0x2d c:/st/stm32cubeide_1.7.0/stm32cubeide/plugins/com.st.stm32cube.ide.mcu.externaltools.gnu-tools-for-stm32.9-2020-q2-update.win32_2.0.0.202105311346/tools/bin/../lib/gcc/arm-none-eabi/9.3.1/../../../../arm-none-eabi/lib/thumb/v7-m/nofp\libc_nano.a(lib_a-memchr-stub.o)
 .ARM.attributes
                0x00000000000005e4       0x2d c:/st/stm32cubeide_1.7.0/stm32cubeide/plugins/com.st.stm32cube.ide.mcu.externaltools.gnu-tools-for-stm32.9-2020-q2-update.win32_2.0.0.202105311346/tools/bin/../lib/gcc/arm-none-eabi/9.3.1/../../../../arm-none-eabi/lib/thumb/v7-m/nofp\libc_nano.a(lib_a-memcpy-stub.o)
 .ARM.attributes
                0x0000000000000611       0x2d c:/st/stm32cubeide_1.7.0/stm32cubeide/plugins/com.st.stm32cube.ide.mcu.externaltools.gnu-tools-for-stm32.9-2020-q2-update.win32_2.0.0.202105311346/tools/bin/../lib/gcc/arm-none-eabi/9.3.1/../../../../arm-none-eabi/lib/thumb/v7-m/nofp\libc_nano.a(lib_a-memmove.o)
 .ARM.attributes
                0x000000000000063e       0x2d c:/st/stm32cubeide_1.7.0/stm32cubeide/plugins/com.st.stm32cube.ide.mcu.externaltools.gnu-tools-for-stm32.9-2020-q2-update.win32_2.0.0.202105311346/tools/bin/../lib/gcc/arm-none-eabi/9.3.1/../../../../arm-none-eabi/lib/thumb/v7-m/nofp\libc_nano.a(lib_a-nano-freer.o)
 .ARM.attributes
                0x000000000000066b       0x2d c:/st/stm32cubeide_1.7.0/stm32cubeide/plugins/com.st.stm32cube.ide.mcu.externaltools.gnu-tools-for-stm32.9-2020-q2-update.win32_2.0.0.202105311346/tools/bin/../lib/gcc/arm-none-eabi/9.3.1/../../../../arm-none-eabi/lib/thumb/v7-m/nofp\libc_nano.a(lib_a-nano-mallocr.o)
 .ARM.attributes
                0x0000000000000698       0x2d c:/st/stm32cubeide_1.7.0/stm32cubeide/plugins/com.st.stm32cube.ide.mcu.externaltools.gnu-tools-for-stm32.9-2020-q2-update.win32_2.0.0.202105311346/tools/bin/../lib/gcc/arm-none-eabi/9.3.1/../../../../arm-none-eabi/lib/thumb/v7-m/nofp\libc_nano.a(lib_a-nano-reallocr.o)
 .ARM.attributes
                0x00000000000006c5       0x2d c:/st/stm32cubeide_1.7.0/stm32cubeide/plugins/com.st.stm32cube.ide.mcu.externaltools.gnu-tools-for-stm32.9-2020-q2-update.win32_2.0.0.202105311346/tools/bin/../lib/gcc/arm-none-eabi/9.3.1/../../../../arm-none-eabi/lib/thumb/v7-m/nofp\libc_nano.a(lib_a-sbrkr.o)
 .ARM.attributes
                0x00000000000006f2       0x2d c:/st/stm32cubeide_1.7.0/stm32cubeide/plugins/com.st.stm32cube.ide.mcu.externaltools.gnu-tools-for-stm32.9-2020-q2-update.win32_2.0.0.202105311346/tools/bin/../lib/gcc/arm-none-eabi/9.3.1/../../../../arm-none-eabi/lib/thumb/v7-m/nofp\libc_nano.a(lib_a-mlock.o)
 .ARM.attributes
                0x000000000000071f       0x2d c:/st/stm32cubeide_1.7.0/stm32cubeide/plugins/com.st.stm32cube.ide.mcu.externaltools.gnu-tools-for-stm32.9-2020-q2-update.win32_2.0.0.202105311346/tools/bin/../lib/gcc/arm-none-eabi/9.3.1/../../../../arm-none-eabi/lib/thumb/v7-m/nofp\libc_nano.a(lib_a-nano-msizer.o)
 .ARM.attributes
                0x000000000000074c       0x2d c:/st/stm32cubeide_1.7.0/stm32cubeide/plugins/com.st.stm32cube.ide.mcu.externaltools.gnu-tools-for-stm32.9-2020-q2-update.win32_2.0.0.202105311346/tools/bin/../lib/gcc/arm-none-eabi/9.3.1/../../../../arm-none-eabi/lib/thumb/v7-m/nofp\libc_nano.a(lib_a-reent.o)
 .ARM.attributes
                0x0000000000000779       0x2d c:/st/stm32cubeide_1.7.0/stm32cubeide/plugins/com.st.stm32cube.ide.mcu.externaltools.gnu-tools-for-stm32.9-2020-q2-update.win32_2.0.0.202105311346/tools/bin/../lib/gcc/arm-none-eabi/9.3.1/../../../../arm-none-eabi/lib/thumb/v7-m/nofp\libc_nano.a(lib_a-lock.o)
 .ARM.attributes
                0x00000000000007a6       0x1d c:/st/stm32cubeide_1.7.0/stm32cubeide/plugins/com.st.stm32cube.ide.mcu.externaltools.gnu-tools-for-stm32.9-2020-q2-update.win32_2.0.0.202105311346/tools/bin/../lib/gcc/arm-none-eabi/9.3.1/thumb/v7-m/nofp/crtn.o
OUTPUT(Project_STM32.elf elf32-littlearm)
LOAD linker stubs
LOAD c:/st/stm32cubeide_1.7.0/stm32cubeide/plugins/com.st.stm32cube.ide.mcu.externaltools.gnu-tools-for-stm32.9-2020-q2-update.win32_2.0.0.202105311346/tools/bin/../lib/gcc/arm-none-eabi/9.3.1/../../../../arm-none-eabi/lib/thumb/v7-m/nofp\libc.a
LOAD c:/st/stm32cubeide_1.7.0/stm32cubeide/plugins/com.st.stm32cube.ide.mcu.externaltools.gnu-tools-for-stm32.9-2020-q2-update.win32_2.0.0.202105311346/tools/bin/../lib/gcc/arm-none-eabi/9.3.1/../../../../arm-none-eabi/lib/thumb/v7-m/nofp\libm.a
LOAD c:/st/stm32cubeide_1.7.0/stm32cubeide/plugins/com.st.stm32cube.ide.mcu.externaltools.gnu-tools-for-stm32.9-2020-q2-update.win32_2.0.0.202105311346/tools/bin/../lib/gcc/arm-none-eabi/9.3.1/thumb/v7-m/nofp\libgcc.a

.debug_info     0x0000000000000000    0x12300
 .debug_info    0x0000000000000000      0x28c ./Core/Src/Scheduler.o
 .debug_info    0x000000000000028c      0xcb9 ./Core/Src/fsm_automatic.o
 .debug_info    0x0000000000000f45      0x168 ./Core/Src/fsm_manual.o
 .debug_info    0x00000000000010ad      0x29e ./Core/Src/fsm_manual_mode.o
 .debug_info    0x000000000000134b       0xb0 ./Core/Src/global.o
 .debug_info    0x00000000000013fb      0x7d7 ./Core/Src/i2c-lcd.o
 .debug_info    0x0000000000001bd2      0x275 ./Core/Src/input_processing.o
 .debug_info    0x0000000000001e47      0x3f3 ./Core/Src/input_reading.o
 .debug_info    0x000000000000223a      0x40b ./Core/Src/led_display.o
 .debug_info    0x0000000000002645     0x11db ./Core/Src/main.o
 .debug_info    0x0000000000003820     0x1150 ./Core/Src/stm32f1xx_hal_msp.o
 .debug_info    0x0000000000004970      0x7b9 ./Core/Src/stm32f1xx_it.o
 .debug_info    0x0000000000005129      0xa25 ./Core/Src/sysmem.o
 .debug_info    0x0000000000005b4e      0x2be ./Core/Src/system_stm32f1xx.o
 .debug_info    0x0000000000005e0c      0x74d ./Core/Src/timer.o
 .debug_info    0x0000000000006559       0x22 ./Core/Startup/startup_stm32f103rbtx.o
 .debug_info    0x000000000000657b      0x76a ./Drivers/STM32F1xx_HAL_Driver/Src/stm32f1xx_hal.o
 .debug_info    0x0000000000006ce5      0xbdc ./Drivers/STM32F1xx_HAL_Driver/Src/stm32f1xx_hal_cortex.o
 .debug_info    0x00000000000078c1      0x701 ./Drivers/STM32F1xx_HAL_Driver/Src/stm32f1xx_hal_gpio.o
 .debug_info    0x0000000000007fc2     0x27cb ./Drivers/STM32F1xx_HAL_Driver/Src/stm32f1xx_hal_i2c.o
 .debug_info    0x000000000000a78d      0x893 ./Drivers/STM32F1xx_HAL_Driver/Src/stm32f1xx_hal_rcc.o
 .debug_info    0x000000000000b020     0x2c32 ./Drivers/STM32F1xx_HAL_Driver/Src/stm32f1xx_hal_tim.o
 .debug_info    0x000000000000dc52     0x157f ./Drivers/STM32F1xx_HAL_Driver/Src/stm32f1xx_hal_tim_ex.o
 .debug_info    0x000000000000f1d1     0x312f ./Drivers/STM32F1xx_HAL_Driver/Src/stm32f1xx_hal_uart.o

.debug_abbrev   0x0000000000000000     0x282e
 .debug_abbrev  0x0000000000000000      0x147 ./Core/Src/Scheduler.o
 .debug_abbrev  0x0000000000000147      0x216 ./Core/Src/fsm_automatic.o
 .debug_abbrev  0x000000000000035d       0x7f ./Core/Src/fsm_manual.o
 .debug_abbrev  0x00000000000003dc       0xcb ./Core/Src/fsm_manual_mode.o
 .debug_abbrev  0x00000000000004a7       0x70 ./Core/Src/global.o
 .debug_abbrev  0x0000000000000517      0x1b2 ./Core/Src/i2c-lcd.o
 .debug_abbrev  0x00000000000006c9       0xe0 ./Core/Src/input_processing.o
 .debug_abbrev  0x00000000000007a9      0x19d ./Core/Src/input_reading.o
 .debug_abbrev  0x0000000000000946      0x114 ./Core/Src/led_display.o
 .debug_abbrev  0x0000000000000a5a      0x276 ./Core/Src/main.o
 .debug_abbrev  0x0000000000000cd0      0x1c8 ./Core/Src/stm32f1xx_hal_msp.o
 .debug_abbrev  0x0000000000000e98      0x176 ./Core/Src/stm32f1xx_it.o
 .debug_abbrev  0x000000000000100e      0x1bf ./Core/Src/sysmem.o
 .debug_abbrev  0x00000000000011cd      0x14e ./Core/Src/system_stm32f1xx.o
 .debug_abbrev  0x000000000000131b      0x16f ./Core/Src/timer.o
 .debug_abbrev  0x000000000000148a       0x12 ./Core/Startup/startup_stm32f103rbtx.o
 .debug_abbrev  0x000000000000149c      0x1ed ./Drivers/STM32F1xx_HAL_Driver/Src/stm32f1xx_hal.o
 .debug_abbrev  0x0000000000001689      0x313 ./Drivers/STM32F1xx_HAL_Driver/Src/stm32f1xx_hal_cortex.o
 .debug_abbrev  0x000000000000199c      0x1e8 ./Drivers/STM32F1xx_HAL_Driver/Src/stm32f1xx_hal_gpio.o
 .debug_abbrev  0x0000000000001b84      0x288 ./Drivers/STM32F1xx_HAL_Driver/Src/stm32f1xx_hal_i2c.o
 .debug_abbrev  0x0000000000001e0c      0x273 ./Drivers/STM32F1xx_HAL_Driver/Src/stm32f1xx_hal_rcc.o
 .debug_abbrev  0x000000000000207f      0x25e ./Drivers/STM32F1xx_HAL_Driver/Src/stm32f1xx_hal_tim.o
 .debug_abbrev  0x00000000000022dd      0x266 ./Drivers/STM32F1xx_HAL_Driver/Src/stm32f1xx_hal_tim_ex.o
 .debug_abbrev  0x0000000000002543      0x2eb ./Drivers/STM32F1xx_HAL_Driver/Src/stm32f1xx_hal_uart.o

.debug_aranges  0x0000000000000000     0x1100
 .debug_aranges
                0x0000000000000000       0x60 ./Core/Src/Scheduler.o
 .debug_aranges
                0x0000000000000060       0x58 ./Core/Src/fsm_automatic.o
 .debug_aranges
                0x00000000000000b8       0x28 ./Core/Src/fsm_manual.o
 .debug_aranges
                0x00000000000000e0       0x28 ./Core/Src/fsm_manual_mode.o
 .debug_aranges
                0x0000000000000108       0x18 ./Core/Src/global.o
 .debug_aranges
                0x0000000000000120       0x48 ./Core/Src/i2c-lcd.o
 .debug_aranges
                0x0000000000000168       0x30 ./Core/Src/input_processing.o
 .debug_aranges
                0x0000000000000198       0x60 ./Core/Src/input_reading.o
 .debug_aranges
                0x00000000000001f8       0xc0 ./Core/Src/led_display.o
 .debug_aranges
                0x00000000000002b8       0x50 ./Core/Src/main.o
 .debug_aranges
                0x0000000000000308       0x50 ./Core/Src/stm32f1xx_hal_msp.o
 .debug_aranges
                0x0000000000000358       0x68 ./Core/Src/stm32f1xx_it.o
 .debug_aranges
                0x00000000000003c0       0x20 ./Core/Src/sysmem.o
 .debug_aranges
                0x00000000000003e0       0x28 ./Core/Src/system_stm32f1xx.o
 .debug_aranges
                0x0000000000000408       0x20 ./Core/Src/timer.o
 .debug_aranges
                0x0000000000000428       0x28 ./Core/Startup/startup_stm32f103rbtx.o
 .debug_aranges
                0x0000000000000450       0xe0 ./Drivers/STM32F1xx_HAL_Driver/Src/stm32f1xx_hal.o
 .debug_aranges
                0x0000000000000530      0x100 ./Drivers/STM32F1xx_HAL_Driver/Src/stm32f1xx_hal_cortex.o
 .debug_aranges
                0x0000000000000630       0x58 ./Drivers/STM32F1xx_HAL_Driver/Src/stm32f1xx_hal_gpio.o
 .debug_aranges
                0x0000000000000688      0x2a8 ./Drivers/STM32F1xx_HAL_Driver/Src/stm32f1xx_hal_i2c.o
 .debug_aranges
                0x0000000000000930       0x90 ./Drivers/STM32F1xx_HAL_Driver/Src/stm32f1xx_hal_rcc.o
 .debug_aranges
                0x00000000000009c0      0x3d0 ./Drivers/STM32F1xx_HAL_Driver/Src/stm32f1xx_hal_tim.o
 .debug_aranges
                0x0000000000000d90      0x168 ./Drivers/STM32F1xx_HAL_Driver/Src/stm32f1xx_hal_tim_ex.o
 .debug_aranges
                0x0000000000000ef8      0x208 ./Drivers/STM32F1xx_HAL_Driver/Src/stm32f1xx_hal_uart.o

.debug_ranges   0x0000000000000000      0xfc8
 .debug_ranges  0x0000000000000000       0x50 ./Core/Src/Scheduler.o
 .debug_ranges  0x0000000000000050       0x48 ./Core/Src/fsm_automatic.o
 .debug_ranges  0x0000000000000098       0x18 ./Core/Src/fsm_manual.o
 .debug_ranges  0x00000000000000b0       0x18 ./Core/Src/fsm_manual_mode.o
 .debug_ranges  0x00000000000000c8       0x38 ./Core/Src/i2c-lcd.o
 .debug_ranges  0x0000000000000100       0x20 ./Core/Src/input_processing.o
 .debug_ranges  0x0000000000000120       0x50 ./Core/Src/input_reading.o
 .debug_ranges  0x0000000000000170       0xb0 ./Core/Src/led_display.o
 .debug_ranges  0x0000000000000220       0x40 ./Core/Src/main.o
 .debug_ranges  0x0000000000000260       0x40 ./Core/Src/stm32f1xx_hal_msp.o
 .debug_ranges  0x00000000000002a0       0x58 ./Core/Src/stm32f1xx_it.o
 .debug_ranges  0x00000000000002f8       0x10 ./Core/Src/sysmem.o
 .debug_ranges  0x0000000000000308       0x18 ./Core/Src/system_stm32f1xx.o
 .debug_ranges  0x0000000000000320       0x10 ./Core/Src/timer.o
 .debug_ranges  0x0000000000000330       0x20 ./Core/Startup/startup_stm32f103rbtx.o
 .debug_ranges  0x0000000000000350       0xd0 ./Drivers/STM32F1xx_HAL_Driver/Src/stm32f1xx_hal.o
 .debug_ranges  0x0000000000000420       0xf0 ./Drivers/STM32F1xx_HAL_Driver/Src/stm32f1xx_hal_cortex.o
 .debug_ranges  0x0000000000000510       0x48 ./Drivers/STM32F1xx_HAL_Driver/Src/stm32f1xx_hal_gpio.o
 .debug_ranges  0x0000000000000558      0x2b0 ./Drivers/STM32F1xx_HAL_Driver/Src/stm32f1xx_hal_i2c.o
 .debug_ranges  0x0000000000000808       0x80 ./Drivers/STM32F1xx_HAL_Driver/Src/stm32f1xx_hal_rcc.o
 .debug_ranges  0x0000000000000888      0x3c0 ./Drivers/STM32F1xx_HAL_Driver/Src/stm32f1xx_hal_tim.o
 .debug_ranges  0x0000000000000c48      0x158 ./Drivers/STM32F1xx_HAL_Driver/Src/stm32f1xx_hal_tim_ex.o
 .debug_ranges  0x0000000000000da0      0x228 ./Drivers/STM32F1xx_HAL_Driver/Src/stm32f1xx_hal_uart.o

.debug_macro    0x0000000000000000    0x18ed5
 .debug_macro   0x0000000000000000       0xae ./Core/Src/Scheduler.o
 .debug_macro   0x00000000000000ae      0xa9c ./Core/Src/Scheduler.o
 .debug_macro   0x0000000000000b4a       0x22 ./Core/Src/Scheduler.o
 .debug_macro   0x0000000000000b6c       0x8e ./Core/Src/Scheduler.o
 .debug_macro   0x0000000000000bfa       0x51 ./Core/Src/Scheduler.o
 .debug_macro   0x0000000000000c4b      0x103 ./Core/Src/Scheduler.o
 .debug_macro   0x0000000000000d4e       0x6a ./Core/Src/Scheduler.o
 .debug_macro   0x0000000000000db8      0x1df ./Core/Src/Scheduler.o
 .debug_macro   0x0000000000000f97       0x10 ./Core/Src/Scheduler.o
 .debug_macro   0x0000000000000fa7      0x35f ./Core/Src/fsm_automatic.o
 .debug_macro   0x0000000000001306       0x10 ./Core/Src/fsm_automatic.o
 .debug_macro   0x0000000000001316       0x46 ./Core/Src/fsm_automatic.o
 .debug_macro   0x000000000000135c      0x221 ./Core/Src/fsm_automatic.o
 .debug_macro   0x000000000000157d       0x2e ./Core/Src/fsm_automatic.o
 .debug_macro   0x00000000000015ab       0x22 ./Core/Src/fsm_automatic.o
 .debug_macro   0x00000000000015cd       0x1c ./Core/Src/fsm_automatic.o
 .debug_macro   0x00000000000015e9       0x22 ./Core/Src/fsm_automatic.o
 .debug_macro   0x000000000000160b       0xc3 ./Core/Src/fsm_automatic.o
 .debug_macro   0x00000000000016ce      0xd23 ./Core/Src/fsm_automatic.o
 .debug_macro   0x00000000000023f1     0xe09e ./Core/Src/fsm_automatic.o
 .debug_macro   0x000000000001048f       0x6d ./Core/Src/fsm_automatic.o
 .debug_macro   0x00000000000104fc     0x34a2 ./Core/Src/fsm_automatic.o
 .debug_macro   0x000000000001399e      0x174 ./Core/Src/fsm_automatic.o
 .debug_macro   0x0000000000013b12       0x5c ./Core/Src/fsm_automatic.o
 .debug_macro   0x0000000000013b6e      0x5bc ./Core/Src/fsm_automatic.o
 .debug_macro   0x000000000001412a      0x289 ./Core/Src/fsm_automatic.o
 .debug_macro   0x00000000000143b3      0x1cb ./Core/Src/fsm_automatic.o
 .debug_macro   0x000000000001457e      0x114 ./Core/Src/fsm_automatic.o
 .debug_macro   0x0000000000014692      0x1b2 ./Core/Src/fsm_automatic.o
 .debug_macro   0x0000000000014844       0x27 ./Core/Src/fsm_automatic.o
 .debug_macro   0x000000000001486b      0x136 ./Core/Src/fsm_automatic.o
 .debug_macro   0x00000000000149a1      0x1bc ./Core/Src/fsm_automatic.o
 .debug_macro   0x0000000000014b5d       0x34 ./Core/Src/fsm_automatic.o
 .debug_macro   0x0000000000014b91       0x3c ./Core/Src/fsm_automatic.o
 .debug_macro   0x0000000000014bcd       0x57 ./Core/Src/fsm_automatic.o
 .debug_macro   0x0000000000014c24       0x87 ./Core/Src/fsm_automatic.o
 .debug_macro   0x0000000000014cab      0x240 ./Core/Src/fsm_automatic.o
 .debug_macro   0x0000000000014eeb      0x287 ./Core/Src/fsm_automatic.o
 .debug_macro   0x0000000000015172      0x140 ./Core/Src/fsm_automatic.o
 .debug_macro   0x00000000000152b2      0x8ed ./Core/Src/fsm_automatic.o
 .debug_macro   0x0000000000015b9f      0x28e ./Core/Src/fsm_automatic.o
 .debug_macro   0x0000000000015e2d       0x83 ./Core/Src/fsm_automatic.o
 .debug_macro   0x0000000000015eb0       0xc4 ./Core/Src/fsm_automatic.o
 .debug_macro   0x0000000000015f74       0x52 ./Core/Src/fsm_automatic.o
 .debug_macro   0x0000000000015fc6       0x18 ./Core/Src/fsm_automatic.o
 .debug_macro   0x0000000000015fde       0x3c ./Core/Src/fsm_automatic.o
 .debug_macro   0x000000000001601a       0x34 ./Core/Src/fsm_automatic.o
 .debug_macro   0x000000000001604e       0x16 ./Core/Src/fsm_automatic.o
 .debug_macro   0x0000000000016064       0x35 ./Core/Src/fsm_automatic.o
 .debug_macro   0x0000000000016099      0x333 ./Core/Src/fsm_automatic.o
 .debug_macro   0x00000000000163cc       0x10 ./Core/Src/fsm_automatic.o
 .debug_macro   0x00000000000163dc       0x16 ./Core/Src/fsm_automatic.o
 .debug_macro   0x00000000000163f2       0x43 ./Core/Src/fsm_automatic.o
 .debug_macro   0x0000000000016435       0x34 ./Core/Src/fsm_automatic.o
 .debug_macro   0x0000000000016469       0x10 ./Core/Src/fsm_automatic.o
 .debug_macro   0x0000000000016479       0x58 ./Core/Src/fsm_automatic.o
 .debug_macro   0x00000000000164d1       0x71 ./Core/Src/fsm_automatic.o
 .debug_macro   0x0000000000016542       0x1c ./Core/Src/fsm_automatic.o
 .debug_macro   0x000000000001655e      0x12a ./Core/Src/fsm_automatic.o
 .debug_macro   0x0000000000016688       0x10 ./Core/Src/fsm_automatic.o
 .debug_macro   0x0000000000016698       0x1c ./Core/Src/fsm_automatic.o
 .debug_macro   0x00000000000166b4       0x52 ./Core/Src/fsm_automatic.o
 .debug_macro   0x0000000000016706       0x22 ./Core/Src/fsm_automatic.o
 .debug_macro   0x0000000000016728       0x10 ./Core/Src/fsm_automatic.o
 .debug_macro   0x0000000000016738       0x40 ./Core/Src/fsm_automatic.o
 .debug_macro   0x0000000000016778       0xd5 ./Core/Src/fsm_automatic.o
 .debug_macro   0x000000000001684d       0x1c ./Core/Src/fsm_automatic.o
 .debug_macro   0x0000000000016869       0x3d ./Core/Src/fsm_automatic.o
 .debug_macro   0x00000000000168a6       0x16 ./Core/Src/fsm_automatic.o
 .debug_macro   0x00000000000168bc      0x145 ./Core/Src/fsm_automatic.o
 .debug_macro   0x0000000000016a01       0x5f ./Core/Src/fsm_manual.o
 .debug_macro   0x0000000000016a60      0x20e ./Core/Src/fsm_manual_mode.o
 .debug_macro   0x0000000000016c6e       0x33 ./Core/Src/global.o
 .debug_macro   0x0000000000016ca1      0x1b7 ./Core/Src/i2c-lcd.o
 .debug_macro   0x0000000000016e58      0x1f0 ./Core/Src/input_processing.o
 .debug_macro   0x0000000000017048      0x1da ./Core/Src/input_reading.o
 .debug_macro   0x0000000000017222      0x1de ./Core/Src/led_display.o
 .debug_macro   0x0000000000017400      0x225 ./Core/Src/main.o
 .debug_macro   0x0000000000017625       0x16 ./Core/Src/main.o
 .debug_macro   0x000000000001763b      0x1bc ./Core/Src/stm32f1xx_hal_msp.o
 .debug_macro   0x00000000000177f7      0x1c6 ./Core/Src/stm32f1xx_it.o
 .debug_macro   0x00000000000179bd       0xff ./Core/Src/sysmem.o
 .debug_macro   0x0000000000017abc      0x23b ./Core/Src/sysmem.o
 .debug_macro   0x0000000000017cf7      0x1ad ./Core/Src/system_stm32f1xx.o
 .debug_macro   0x0000000000017ea4      0x1d8 ./Core/Src/timer.o
 .debug_macro   0x000000000001807c      0x1d1 ./Drivers/STM32F1xx_HAL_Driver/Src/stm32f1xx_hal.o
 .debug_macro   0x000000000001824d      0x1ad ./Drivers/STM32F1xx_HAL_Driver/Src/stm32f1xx_hal_cortex.o
 .debug_macro   0x00000000000183fa      0x218 ./Drivers/STM32F1xx_HAL_Driver/Src/stm32f1xx_hal_gpio.o
 .debug_macro   0x0000000000018612      0x1fb ./Drivers/STM32F1xx_HAL_Driver/Src/stm32f1xx_hal_i2c.o
 .debug_macro   0x000000000001880d      0x1bf ./Drivers/STM32F1xx_HAL_Driver/Src/stm32f1xx_hal_rcc.o
 .debug_macro   0x00000000000189cc      0x1ae ./Drivers/STM32F1xx_HAL_Driver/Src/stm32f1xx_hal_tim.o
 .debug_macro   0x0000000000018b7a      0x1ad ./Drivers/STM32F1xx_HAL_Driver/Src/stm32f1xx_hal_tim_ex.o
 .debug_macro   0x0000000000018d27      0x1ae ./Drivers/STM32F1xx_HAL_Driver/Src/stm32f1xx_hal_uart.o

.debug_line     0x0000000000000000    0x141cc
 .debug_line    0x0000000000000000      0x52e ./Core/Src/Scheduler.o
 .debug_line    0x000000000000052e      0xc3e ./Core/Src/fsm_automatic.o
 .debug_line    0x000000000000116c      0x1bd ./Core/Src/fsm_manual.o
 .debug_line    0x0000000000001329      0x7c7 ./Core/Src/fsm_manual_mode.o
 .debug_line    0x0000000000001af0       0x6b ./Core/Src/global.o
 .debug_line    0x0000000000001b5b      0x757 ./Core/Src/i2c-lcd.o
 .debug_line    0x00000000000022b2      0x7e1 ./Core/Src/input_processing.o
 .debug_line    0x0000000000002a93      0x833 ./Core/Src/input_reading.o
 .debug_line    0x00000000000032c6      0x946 ./Core/Src/led_display.o
 .debug_line    0x0000000000003c0c      0x8e2 ./Core/Src/main.o
 .debug_line    0x00000000000044ee      0x764 ./Core/Src/stm32f1xx_hal_msp.o
 .debug_line    0x0000000000004c52      0x76e ./Core/Src/stm32f1xx_it.o
 .debug_line    0x00000000000053c0      0x4f8 ./Core/Src/sysmem.o
 .debug_line    0x00000000000058b8      0x712 ./Core/Src/system_stm32f1xx.o
 .debug_line    0x0000000000005fca      0x6ba ./Core/Src/timer.o
 .debug_line    0x0000000000006684       0x86 ./Core/Startup/startup_stm32f103rbtx.o
 .debug_line    0x000000000000670a      0x93f ./Drivers/STM32F1xx_HAL_Driver/Src/stm32f1xx_hal.o
 .debug_line    0x0000000000007049      0xb27 ./Drivers/STM32F1xx_HAL_Driver/Src/stm32f1xx_hal_cortex.o
 .debug_line    0x0000000000007b70      0x9d8 ./Drivers/STM32F1xx_HAL_Driver/Src/stm32f1xx_hal_gpio.o
 .debug_line    0x0000000000008548     0x3ad5 ./Drivers/STM32F1xx_HAL_Driver/Src/stm32f1xx_hal_i2c.o
 .debug_line    0x000000000000c01d      0xd4b ./Drivers/STM32F1xx_HAL_Driver/Src/stm32f1xx_hal_rcc.o
 .debug_line    0x000000000000cd68     0x33d9 ./Drivers/STM32F1xx_HAL_Driver/Src/stm32f1xx_hal_tim.o
 .debug_line    0x0000000000010141     0x1885 ./Drivers/STM32F1xx_HAL_Driver/Src/stm32f1xx_hal_tim_ex.o
 .debug_line    0x00000000000119c6     0x2806 ./Drivers/STM32F1xx_HAL_Driver/Src/stm32f1xx_hal_uart.o

.debug_str      0x0000000000000000    0x8deaf
 .debug_str     0x0000000000000000     0x3d6a ./Core/Src/Scheduler.o
                                       0x3eee (size before relaxing)
 .debug_str     0x0000000000003d6a    0x85711 ./Core/Src/fsm_automatic.o
                                      0x895d8 (size before relaxing)
 .debug_str     0x000000000008947b       0x9f ./Core/Src/fsm_manual.o
                                       0x2fd4 (size before relaxing)
 .debug_str     0x000000000008951a       0x5f ./Core/Src/fsm_manual_mode.o
                                      0x854e9 (size before relaxing)
 .debug_str     0x0000000000089579       0x15 ./Core/Src/global.o
                                       0x2e99 (size before relaxing)
 .debug_str     0x000000000008958e      0x486 ./Core/Src/i2c-lcd.o
                                      0x854b4 (size before relaxing)
 .debug_str     0x0000000000089a14       0xe1 ./Core/Src/input_processing.o
                                      0x854a8 (size before relaxing)
 .debug_str     0x0000000000089af5      0x1ec ./Core/Src/input_reading.o
                                      0x854a1 (size before relaxing)
 .debug_str     0x0000000000089ce1      0x147 ./Core/Src/led_display.o
                                      0x85522 (size before relaxing)
 .debug_str     0x0000000000089e28      0x700 ./Core/Src/main.o
                                      0x86134 (size before relaxing)
 .debug_str     0x000000000008a528      0x345 ./Core/Src/stm32f1xx_hal_msp.o
                                      0x85ffa (size before relaxing)
 .debug_str     0x000000000008a86d       0xcd ./Core/Src/stm32f1xx_it.o
                                      0x8580c (size before relaxing)
 .debug_str     0x000000000008a93a      0x4e9 ./Core/Src/sysmem.o
                                       0x6247 (size before relaxing)
 .debug_str     0x000000000008ae23       0x52 ./Core/Src/system_stm32f1xx.o
                                      0x85032 (size before relaxing)
 .debug_str     0x000000000008ae75       0x37 ./Core/Src/timer.o
                                      0x857ec (size before relaxing)
 .debug_str     0x000000000008aeac       0x36 ./Core/Startup/startup_stm32f103rbtx.o
                                         0x5b (size before relaxing)
 .debug_str     0x000000000008aee2      0x304 ./Drivers/STM32F1xx_HAL_Driver/Src/stm32f1xx_hal.o
                                      0x856c3 (size before relaxing)
 .debug_str     0x000000000008b1e6      0x300 ./Drivers/STM32F1xx_HAL_Driver/Src/stm32f1xx_hal_cortex.o
                                      0x856cb (size before relaxing)
 .debug_str     0x000000000008b4e6      0x316 ./Drivers/STM32F1xx_HAL_Driver/Src/stm32f1xx_hal_gpio.o
                                      0x853f6 (size before relaxing)
 .debug_str     0x000000000008b7fc      0xb9a ./Drivers/STM32F1xx_HAL_Driver/Src/stm32f1xx_hal_i2c.o
                                      0x860c1 (size before relaxing)
 .debug_str     0x000000000008c396      0x244 ./Drivers/STM32F1xx_HAL_Driver/Src/stm32f1xx_hal_rcc.o
                                      0x8542f (size before relaxing)
 .debug_str     0x000000000008c5da      0xdd8 ./Drivers/STM32F1xx_HAL_Driver/Src/stm32f1xx_hal_tim.o
                                      0x86418 (size before relaxing)
 .debug_str     0x000000000008d3b2      0x4ee ./Drivers/STM32F1xx_HAL_Driver/Src/stm32f1xx_hal_tim_ex.o
                                      0x85bb9 (size before relaxing)
 .debug_str     0x000000000008d8a0      0x60f ./Drivers/STM32F1xx_HAL_Driver/Src/stm32f1xx_hal_uart.o
                                      0x85a87 (size before relaxing)

.comment        0x0000000000000000       0x53
 .comment       0x0000000000000000       0x53 ./Core/Src/Scheduler.o
                                         0x54 (size before relaxing)
 .comment       0x0000000000000053       0x54 ./Core/Src/fsm_automatic.o
 .comment       0x0000000000000053       0x54 ./Core/Src/fsm_manual.o
 .comment       0x0000000000000053       0x54 ./Core/Src/fsm_manual_mode.o
 .comment       0x0000000000000053       0x54 ./Core/Src/global.o
 .comment       0x0000000000000053       0x54 ./Core/Src/i2c-lcd.o
 .comment       0x0000000000000053       0x54 ./Core/Src/input_processing.o
 .comment       0x0000000000000053       0x54 ./Core/Src/input_reading.o
 .comment       0x0000000000000053       0x54 ./Core/Src/led_display.o
 .comment       0x0000000000000053       0x54 ./Core/Src/main.o
 .comment       0x0000000000000053       0x54 ./Core/Src/stm32f1xx_hal_msp.o
 .comment       0x0000000000000053       0x54 ./Core/Src/stm32f1xx_it.o
 .comment       0x0000000000000053       0x54 ./Core/Src/sysmem.o
 .comment       0x0000000000000053       0x54 ./Core/Src/system_stm32f1xx.o
 .comment       0x0000000000000053       0x54 ./Core/Src/timer.o
 .comment       0x0000000000000053       0x54 ./Drivers/STM32F1xx_HAL_Driver/Src/stm32f1xx_hal.o
 .comment       0x0000000000000053       0x54 ./Drivers/STM32F1xx_HAL_Driver/Src/stm32f1xx_hal_cortex.o
 .comment       0x0000000000000053       0x54 ./Drivers/STM32F1xx_HAL_Driver/Src/stm32f1xx_hal_gpio.o
 .comment       0x0000000000000053       0x54 ./Drivers/STM32F1xx_HAL_Driver/Src/stm32f1xx_hal_i2c.o
 .comment       0x0000000000000053       0x54 ./Drivers/STM32F1xx_HAL_Driver/Src/stm32f1xx_hal_rcc.o
 .comment       0x0000000000000053       0x54 ./Drivers/STM32F1xx_HAL_Driver/Src/stm32f1xx_hal_tim.o
 .comment       0x0000000000000053       0x54 ./Drivers/STM32F1xx_HAL_Driver/Src/stm32f1xx_hal_tim_ex.o
 .comment       0x0000000000000053       0x54 ./Drivers/STM32F1xx_HAL_Driver/Src/stm32f1xx_hal_uart.o

.debug_frame    0x0000000000000000     0x4880
 .debug_frame   0x0000000000000000      0x150 ./Core/Src/Scheduler.o
 .debug_frame   0x0000000000000150      0x108 ./Core/Src/fsm_automatic.o
 .debug_frame   0x0000000000000258       0x48 ./Core/Src/fsm_manual.o
 .debug_frame   0x00000000000002a0       0x48 ./Core/Src/fsm_manual_mode.o
 .debug_frame   0x00000000000002e8       0xd8 ./Core/Src/i2c-lcd.o
 .debug_frame   0x00000000000003c0       0x64 ./Core/Src/input_processing.o
 .debug_frame   0x0000000000000424      0x144 ./Core/Src/input_reading.o
 .debug_frame   0x0000000000000568      0x25c ./Core/Src/led_display.o
 .debug_frame   0x00000000000007c4       0xe8 ./Core/Src/main.o
 .debug_frame   0x00000000000008ac      0x110 ./Core/Src/stm32f1xx_hal_msp.o
 .debug_frame   0x00000000000009bc      0x120 ./Core/Src/stm32f1xx_it.o
 .debug_frame   0x0000000000000adc       0x34 ./Core/Src/sysmem.o
 .debug_frame   0x0000000000000b10       0x58 ./Core/Src/system_stm32f1xx.o
 .debug_frame   0x0000000000000b68       0x34 ./Core/Src/timer.o
 .debug_frame   0x0000000000000b9c      0x334 ./Drivers/STM32F1xx_HAL_Driver/Src/stm32f1xx_hal.o
 .debug_frame   0x0000000000000ed0      0x428 ./Drivers/STM32F1xx_HAL_Driver/Src/stm32f1xx_hal_cortex.o
 .debug_frame   0x00000000000012f8      0x14c ./Drivers/STM32F1xx_HAL_Driver/Src/stm32f1xx_hal_gpio.o
 .debug_frame   0x0000000000001444      0xc84 ./Drivers/STM32F1xx_HAL_Driver/Src/stm32f1xx_hal_i2c.o
 .debug_frame   0x00000000000020c8      0x218 ./Drivers/STM32F1xx_HAL_Driver/Src/stm32f1xx_hal_rcc.o
 .debug_frame   0x00000000000022e0     0x11b8 ./Drivers/STM32F1xx_HAL_Driver/Src/stm32f1xx_hal_tim.o
 .debug_frame   0x0000000000003498      0x638 ./Drivers/STM32F1xx_HAL_Driver/Src/stm32f1xx_hal_tim_ex.o
 .debug_frame   0x0000000000003ad0      0x944 ./Drivers/STM32F1xx_HAL_Driver/Src/stm32f1xx_hal_uart.o
 .debug_frame   0x0000000000004414       0x20 c:/st/stm32cubeide_1.7.0/stm32cubeide/plugins/com.st.stm32cube.ide.mcu.externaltools.gnu-tools-for-stm32.9-2020-q2-update.win32_2.0.0.202105311346/tools/bin/../lib/gcc/arm-none-eabi/9.3.1/../../../../arm-none-eabi/lib/thumb/v7-m/nofp\libc_nano.a(lib_a-errno.o)
 .debug_frame   0x0000000000004434       0x2c c:/st/stm32cubeide_1.7.0/stm32cubeide/plugins/com.st.stm32cube.ide.mcu.externaltools.gnu-tools-for-stm32.9-2020-q2-update.win32_2.0.0.202105311346/tools/bin/../lib/gcc/arm-none-eabi/9.3.1/../../../../arm-none-eabi/lib/thumb/v7-m/nofp\libc_nano.a(lib_a-init.o)
 .debug_frame   0x0000000000004460       0x20 c:/st/stm32cubeide_1.7.0/stm32cubeide/plugins/com.st.stm32cube.ide.mcu.externaltools.gnu-tools-for-stm32.9-2020-q2-update.win32_2.0.0.202105311346/tools/bin/../lib/gcc/arm-none-eabi/9.3.1/../../../../arm-none-eabi/lib/thumb/v7-m/nofp\libc_nano.a(lib_a-memset.o)
 .debug_frame   0x0000000000004480       0x6c c:/st/stm32cubeide_1.7.0/stm32cubeide/plugins/com.st.stm32cube.ide.mcu.externaltools.gnu-tools-for-stm32.9-2020-q2-update.win32_2.0.0.202105311346/tools/bin/../lib/gcc/arm-none-eabi/9.3.1/../../../../arm-none-eabi/lib/thumb/v7-m/nofp\libc_nano.a(lib_a-sprintf.o)
 .debug_frame   0x00000000000044ec       0x90 c:/st/stm32cubeide_1.7.0/stm32cubeide/plugins/com.st.stm32cube.ide.mcu.externaltools.gnu-tools-for-stm32.9-2020-q2-update.win32_2.0.0.202105311346/tools/bin/../lib/gcc/arm-none-eabi/9.3.1/../../../../arm-none-eabi/lib/thumb/v7-m/nofp\libc_nano.a(lib_a-nano-svfprintf.o)
 .debug_frame   0x000000000000457c       0x60 c:/st/stm32cubeide_1.7.0/stm32cubeide/plugins/com.st.stm32cube.ide.mcu.externaltools.gnu-tools-for-stm32.9-2020-q2-update.win32_2.0.0.202105311346/tools/bin/../lib/gcc/arm-none-eabi/9.3.1/../../../../arm-none-eabi/lib/thumb/v7-m/nofp\libc_nano.a(lib_a-nano-vfprintf_i.o)
 .debug_frame   0x00000000000045dc       0x28 c:/st/stm32cubeide_1.7.0/stm32cubeide/plugins/com.st.stm32cube.ide.mcu.externaltools.gnu-tools-for-stm32.9-2020-q2-update.win32_2.0.0.202105311346/tools/bin/../lib/gcc/arm-none-eabi/9.3.1/../../../../arm-none-eabi/lib/thumb/v7-m/nofp\libc_nano.a(lib_a-memchr-stub.o)
 .debug_frame   0x0000000000004604       0x28 c:/st/stm32cubeide_1.7.0/stm32cubeide/plugins/com.st.stm32cube.ide.mcu.externaltools.gnu-tools-for-stm32.9-2020-q2-update.win32_2.0.0.202105311346/tools/bin/../lib/gcc/arm-none-eabi/9.3.1/../../../../arm-none-eabi/lib/thumb/v7-m/nofp\libc_nano.a(lib_a-memcpy-stub.o)