led_display.c:11:6:DisplayREDX	8	static
led_display.c:17:6:DisplayYELLOWX	8	static
led_display.c:23:6:DisplayGREENX	8	static
led_display.c:29:6:DisplayREDY	8	static
led_display.c:35:6:DisplayYELLOWY	8	static
led_display.c:41:6:DisplayGREENY	8	static
led_display.c:47:6:InitLED	8	static
led_display.c:57:6:DisplayMAN_REDX	8	static
led_display.c:73:6:DisplayMAN_REDY	8	static
led_display.c:89:6:DisplayMAN_GREENX	8	static
led_display.c:105:6:DisplayMAN_GREENY	8	static
led_display.c:121:6:DisplayMAN_YELLOWX	8	static
led_display.c:137:6:DisplayMAN_YELLOWY	8	static
led_display.c:153:6:WalkingX	8	static
led_display.c:157:6:StopX	8	static
led_display.c:161:6:WalkingY	8	static
led_display.c:165:6:StopY	8	static
led_display.c:169:6:TurnOff_WalkingX	8	static
led_display.c:173:6:TurnOff_WalkingY	8	static
led_display.c:177:6:WalkingX_Blinking	8	static
led_display.c:193:6:WalkingY_Blinnking	8	static
